20:27:05 **** Build of project hw_bsp ****
make -k all 
make[1]: Entering directory `/users/start2017/r0634161/Git/Project-DDP/actual_project/sw_project/project_sw/hw_bsp'
Running Make include in ps7_cortexa9_0/libsrc/qspips_v3_3/src
make -C ps7_cortexa9_0/libsrc/qspips_v3_3/src -s include  "SHELL=/bin/sh" "COMPILER=arm-none-eabi-gcc" "ARCHIVER=arm-none-eabi-ar" "COMPILER_FLAGS=  -O2 -c" "EXTRA_COMPILER_FLAGS=-mcpu=cortex-a9 -mfpu=vfpv3 -mfloat-abi=hard -nostartfiles"
make[2]: Entering directory `/users/start2017/r0634161/Git/Project-DDP/actual_project/sw_project/project_sw/hw_bsp/ps7_cortexa9_0/libsrc/qspips_v3_3/src'
make[2]: Leaving directory `/users/start2017/r0634161/Git/Project-DDP/actual_project/sw_project/project_sw/hw_bsp/ps7_cortexa9_0/libsrc/qspips_v3_3/src'
Running Make include in ps7_cortexa9_0/libsrc/ddrps_v1_0/src
make -C ps7_cortexa9_0/libsrc/ddrps_v1_0/src -s include  "SHELL=/bin/sh" "COMPILER=arm-none-eabi-gcc" "ARCHIVER=arm-none-eabi-ar" "COMPILER_FLAGS=  -O2 -c" "EXTRA_COMPILER_FLAGS=-mcpu=cortex-a9 -mfpu=vfpv3 -mfloat-abi=hard -nostartfiles"
make[2]: Entering directory `/users/start2017/r0634161/Git/Project-DDP/actual_project/sw_project/project_sw/hw_bsp/ps7_cortexa9_0/libsrc/ddrps_v1_0/src'
make[2]: Leaving directory `/users/start2017/r0634161/Git/Project-DDP/actual_project/sw_project/project_sw/hw_bsp/ps7_cortexa9_0/libsrc/ddrps_v1_0/src'
Running Make include in ps7_cortexa9_0/libsrc/cpu_cortexa9_v2_2/src
make -C ps7_cortexa9_0/libsrc/cpu_cortexa9_v2_2/src -s include  "SHELL=/bin/sh" "COMPILER=arm-none-eabi-gcc" "ARCHIVER=arm-none-eabi-ar" "COMPILER_FLAGS=  -O2 -c" "EXTRA_COMPILER_FLAGS=-mcpu=cortex-a9 -mfpu=vfpv3 -mfloat-abi=hard -nostartfiles"
make[2]: Entering directory `/users/start2017/r0634161/Git/Project-DDP/actual_project/sw_project/project_sw/hw_bsp/ps7_cortexa9_0/libsrc/cpu_cortexa9_v2_2/src'
make[2]: Leaving directory `/users/start2017/r0634161/Git/Project-DDP/actual_project/sw_project/project_sw/hw_bsp/ps7_cortexa9_0/libsrc/cpu_cortexa9_v2_2/src'
Running Make include in ps7_cortexa9_0/libsrc/sdps_v2_8/src
make -C ps7_cortexa9_0/libsrc/sdps_v2_8/src -s include  "SHELL=/bin/sh" "COMPILER=arm-none-eabi-gcc" "ARCHIVER=arm-none-eabi-ar" "COMPILER_FLAGS=  -O2 -c" "EXTRA_COMPILER_FLAGS=-mcpu=cortex-a9 -mfpu=vfpv3 -mfloat-abi=hard -nostartfiles"
make[2]: Entering directory `/users/start2017/r0634161/Git/Project-DDP/actual_project/sw_project/project_sw/hw_bsp/ps7_cortexa9_0/libsrc/sdps_v2_8/src'
make[2]: Leaving directory `/users/start2017/r0634161/Git/Project-DDP/actual_project/sw_project/project_sw/hw_bsp/ps7_cortexa9_0/libsrc/sdps_v2_8/src'
Running Make include in ps7_cortexa9_0/libsrc/emacps_v3_2/src
make -C ps7_cortexa9_0/libsrc/emacps_v3_2/src -s include  "SHELL=/bin/sh" "COMPILER=arm-none-eabi-gcc" "ARCHIVER=arm-none-eabi-ar" "COMPILER_FLAGS=  -O2 -c" "EXTRA_COMPILER_FLAGS=-mcpu=cortex-a9 -mfpu=vfpv3 -mfloat-abi=hard -nostartfiles"
make[2]: Entering directory `/users/start2017/r0634161/Git/Project-DDP/actual_project/sw_project/project_sw/hw_bsp/ps7_cortexa9_0/libsrc/emacps_v3_2/src'
make[2]: Leaving directory `/users/start2017/r0634161/Git/Project-DDP/actual_project/sw_project/project_sw/hw_bsp/ps7_cortexa9_0/libsrc/emacps_v3_2/src'
Running Make include in ps7_cortexa9_0/libsrc/uartps_v3_1/src
make -C ps7_cortexa9_0/libsrc/uartps_v3_1/src -s include  "SHELL=/bin/sh" "COMPILER=arm-none-eabi-gcc" "ARCHIVER=arm-none-eabi-ar" "COMPILER_FLAGS=  -O2 -c" "EXTRA_COMPILER_FLAGS=-mcpu=cortex-a9 -mfpu=vfpv3 -mfloat-abi=hard -nostartfiles"
make[2]: Entering directory `/users/start2017/r0634161/Git/Project-DDP/actual_project/sw_project/project_sw/hw_bsp/ps7_cortexa9_0/libsrc/uartps_v3_1/src'
make[2]: Leaving directory `/users/start2017/r0634161/Git/Project-DDP/actual_project/sw_project/project_sw/hw_bsp/ps7_cortexa9_0/libsrc/uartps_v3_1/src'
Running Make include in ps7_cortexa9_0/libsrc/scugic_v3_3/src
make -C ps7_cortexa9_0/libsrc/scugic_v3_3/src -s include  "SHELL=/bin/sh" "COMPILER=arm-none-eabi-gcc" "ARCHIVER=arm-none-eabi-ar" "COMPILER_FLAGS=  -O2 -c" "EXTRA_COMPILER_FLAGS=-mcpu=cortex-a9 -mfpu=vfpv3 -mfloat-abi=hard -nostartfiles"
make[2]: Entering directory `/users/start2017/r0634161/Git/Project-DDP/actual_project/sw_project/project_sw/hw_bsp/ps7_cortexa9_0/libsrc/scugic_v3_3/src'
make[2]: Leaving directory `/users/start2017/r0634161/Git/Project-DDP/actual_project/sw_project/project_sw/hw_bsp/ps7_cortexa9_0/libsrc/scugic_v3_3/src'
Running Make include in ps7_cortexa9_0/libsrc/axidma_v9_2/src
make -C ps7_cortexa9_0/libsrc/axidma_v9_2/src -s include  "SHELL=/bin/sh" "COMPILER=arm-none-eabi-gcc" "ARCHIVER=arm-none-eabi-ar" "COMPILER_FLAGS=  -O2 -c" "EXTRA_COMPILER_FLAGS=-mcpu=cortex-a9 -mfpu=vfpv3 -mfloat-abi=hard -nostartfiles"
make[2]: Entering directory `/users/start2017/r0634161/Git/Project-DDP/actual_project/sw_project/project_sw/hw_bsp/ps7_cortexa9_0/libsrc/axidma_v9_2/src'
make[2]: Leaving directory `/users/start2017/r0634161/Git/Project-DDP/actual_project/sw_project/project_sw/hw_bsp/ps7_cortexa9_0/libsrc/axidma_v9_2/src'
Running Make include in ps7_cortexa9_0/libsrc/xadcps_v2_2/src
make -C ps7_cortexa9_0/libsrc/xadcps_v2_2/src -s include  "SHELL=/bin/sh" "COMPILER=arm-none-eabi-gcc" "ARCHIVER=arm-none-eabi-ar" "COMPILER_FLAGS=  -O2 -c" "EXTRA_COMPILER_FLAGS=-mcpu=cortex-a9 -mfpu=vfpv3 -mfloat-abi=hard -nostartfiles"
make[2]: Entering directory `/users/start2017/r0634161/Git/Project-DDP/actual_project/sw_project/project_sw/hw_bsp/ps7_cortexa9_0/libsrc/xadcps_v2_2/src'
make[2]: Leaving directory `/users/start2017/r0634161/Git/Project-DDP/actual_project/sw_project/project_sw/hw_bsp/ps7_cortexa9_0/libsrc/xadcps_v2_2/src'
Running Make include in ps7_cortexa9_0/libsrc/devcfg_v3_4/src
make -C ps7_cortexa9_0/libsrc/devcfg_v3_4/src -s include  "SHELL=/bin/sh" "COMPILER=arm-none-eabi-gcc" "ARCHIVER=arm-none-eabi-ar" "COMPILER_FLAGS=  -O2 -c" "EXTRA_COMPILER_FLAGS=-mcpu=cortex-a9 -mfpu=vfpv3 -mfloat-abi=hard -nostartfiles"
make[2]: Entering directory `/users/start2017/r0634161/Git/Project-DDP/actual_project/sw_project/project_sw/hw_bsp/ps7_cortexa9_0/libsrc/devcfg_v3_4/src'
make[2]: Leaving directory `/users/start2017/r0634161/Git/Project-DDP/actual_project/sw_project/project_sw/hw_bsp/ps7_cortexa9_0/libsrc/devcfg_v3_4/src'
Running Make include in ps7_cortexa9_0/libsrc/dmaps_v2_1/src
make -C ps7_cortexa9_0/libsrc/dmaps_v2_1/src -s include  "SHELL=/bin/sh" "COMPILER=arm-none-eabi-gcc" "ARCHIVER=arm-none-eabi-ar" "COMPILER_FLAGS=  -O2 -c" "EXTRA_COMPILER_FLAGS=-mcpu=cortex-a9 -mfpu=vfpv3 -mfloat-abi=hard -nostartfiles"
make[2]: Entering directory `/users/start2017/r0634161/Git/Project-DDP/actual_project/sw_project/project_sw/hw_bsp/ps7_cortexa9_0/libsrc/dmaps_v2_1/src'
make[2]: Leaving directory `/users/start2017/r0634161/Git/Project-DDP/actual_project/sw_project/project_sw/hw_bsp/ps7_cortexa9_0/libsrc/dmaps_v2_1/src'
Running Make include in ps7_cortexa9_0/libsrc/gpiops_v3_1/src
make -C ps7_cortexa9_0/libsrc/gpiops_v3_1/src -s include  "SHELL=/bin/sh" "COMPILER=arm-none-eabi-gcc" "ARCHIVER=arm-none-eabi-ar" "COMPILER_FLAGS=  -O2 -c" "EXTRA_COMPILER_FLAGS=-mcpu=cortex-a9 -mfpu=vfpv3 -mfloat-abi=hard -nostartfiles"
make[2]: Entering directory `/users/start2017/r0634161/Git/Project-DDP/actual_project/sw_project/project_sw/hw_bsp/ps7_cortexa9_0/libsrc/gpiops_v3_1/src'
make[2]: Leaving directory `/users/start2017/r0634161/Git/Project-DDP/actual_project/sw_project/project_sw/hw_bsp/ps7_cortexa9_0/libsrc/gpiops_v3_1/src'
Running Make include in ps7_cortexa9_0/libsrc/scuwdt_v2_1/src
make -C ps7_cortexa9_0/libsrc/scuwdt_v2_1/src -s include  "SHELL=/bin/sh" "COMPILER=arm-none-eabi-gcc" "ARCHIVER=arm-none-eabi-ar" "COMPILER_FLAGS=  -O2 -c" "EXTRA_COMPILER_FLAGS=-mcpu=cortex-a9 -mfpu=vfpv3 -mfloat-abi=hard -nostartfiles"
make[2]: Entering directory `/users/start2017/r0634161/Git/Project-DDP/actual_project/sw_project/project_sw/hw_bsp/ps7_cortexa9_0/libsrc/scuwdt_v2_1/src'
make[2]: Leaving directory `/users/start2017/r0634161/Git/Project-DDP/actual_project/sw_project/project_sw/hw_bsp/ps7_cortexa9_0/libsrc/scuwdt_v2_1/src'
Running Make include in ps7_cortexa9_0/libsrc/ttcps_v3_1/src
make -C ps7_cortexa9_0/libsrc/ttcps_v3_1/src -s include  "SHELL=/bin/sh" "COMPILER=arm-none-eabi-gcc" "ARCHIVER=arm-none-eabi-ar" "COMPILER_FLAGS=  -O2 -c" "EXTRA_COMPILER_FLAGS=-mcpu=cortex-a9 -mfpu=vfpv3 -mfloat-abi=hard -nostartfiles"
make[2]: Entering directory `/users/start2017/r0634161/Git/Project-DDP/actual_project/sw_project/project_sw/hw_bsp/ps7_cortexa9_0/libsrc/ttcps_v3_1/src'
make[2]: Leaving directory `/users/start2017/r0634161/Git/Project-DDP/actual_project/sw_project/project_sw/hw_bsp/ps7_cortexa9_0/libsrc/ttcps_v3_1/src'
Running Make include in ps7_cortexa9_0/libsrc/coresightps_dcc_v1_2/src
make -C ps7_cortexa9_0/libsrc/coresightps_dcc_v1_2/src -s include  "SHELL=/bin/sh" "COMPILER=arm-none-eabi-gcc" "ARCHIVER=arm-none-eabi-ar" "COMPILER_FLAGS=  -O2 -c" "EXTRA_COMPILER_FLAGS=-mcpu=cortex-a9 -mfpu=vfpv3 -mfloat-abi=hard -nostartfiles"
make[2]: Entering directory `/users/start2017/r0634161/Git/Project-DDP/actual_project/sw_project/project_sw/hw_bsp/ps7_cortexa9_0/libsrc/coresightps_dcc_v1_2/src'
make[2]: Leaving directory `/users/start2017/r0634161/Git/Project-DDP/actual_project/sw_project/project_sw/hw_bsp/ps7_cortexa9_0/libsrc/coresightps_dcc_v1_2/src'
Running Make include in ps7_cortexa9_0/libsrc/standalone_v5_5/src
make -C ps7_cortexa9_0/libsrc/standalone_v5_5/src -s include  "SHELL=/bin/sh" "COMPILER=arm-none-eabi-gcc" "ARCHIVER=arm-none-eabi-ar" "COMPILER_FLAGS=  -O2 -c" "EXTRA_COMPILER_FLAGS=-mcpu=cortex-a9 -mfpu=vfpv3 -mfloat-abi=hard -nostartfiles"
make[2]: Entering directory `/users/start2017/r0634161/Git/Project-DDP/actual_project/sw_project/project_sw/hw_bsp/ps7_cortexa9_0/libsrc/standalone_v5_5/src'
make[3]: Entering directory `/users/start2017/r0634161/Git/Project-DDP/actual_project/sw_project/project_sw/hw_bsp/ps7_cortexa9_0/libsrc/standalone_v5_5/src/profile'
make[3]: Leaving directory `/users/start2017/r0634161/Git/Project-DDP/actual_project/sw_project/project_sw/hw_bsp/ps7_cortexa9_0/libsrc/standalone_v5_5/src/profile'
make[2]: Leaving directory `/users/start2017/r0634161/Git/Project-DDP/actual_project/sw_project/project_sw/hw_bsp/ps7_cortexa9_0/libsrc/standalone_v5_5/src'
Running Make include in ps7_cortexa9_0/libsrc/usbps_v2_4/src
make -C ps7_cortexa9_0/libsrc/usbps_v2_4/src -s include  "SHELL=/bin/sh" "COMPILER=arm-none-eabi-gcc" "ARCHIVER=arm-none-eabi-ar" "COMPILER_FLAGS=  -O2 -c" "EXTRA_COMPILER_FLAGS=-mcpu=cortex-a9 -mfpu=vfpv3 -mfloat-abi=hard -nostartfiles"
make[2]: Entering directory `/users/start2017/r0634161/Git/Project-DDP/actual_project/sw_project/project_sw/hw_bsp/ps7_cortexa9_0/libsrc/usbps_v2_4/src'
make[2]: Leaving directory `/users/start2017/r0634161/Git/Project-DDP/actual_project/sw_project/project_sw/hw_bsp/ps7_cortexa9_0/libsrc/usbps_v2_4/src'
Running Make include in ps7_cortexa9_0/libsrc/scutimer_v2_1/src
make -C ps7_cortexa9_0/libsrc/scutimer_v2_1/src -s include  "SHELL=/bin/sh" "COMPILER=arm-none-eabi-gcc" "ARCHIVER=arm-none-eabi-ar" "COMPILER_FLAGS=  -O2 -c" "EXTRA_COMPILER_FLAGS=-mcpu=cortex-a9 -mfpu=vfpv3 -mfloat-abi=hard -nostartfiles"
make[2]: Entering directory `/users/start2017/r0634161/Git/Project-DDP/actual_project/sw_project/project_sw/hw_bsp/ps7_cortexa9_0/libsrc/scutimer_v2_1/src'
make[2]: Leaving directory `/users/start2017/r0634161/Git/Project-DDP/actual_project/sw_project/project_sw/hw_bsp/ps7_cortexa9_0/libsrc/scutimer_v2_1/src'
Running Make libs in ps7_cortexa9_0/libsrc/qspips_v3_3/src
make -C ps7_cortexa9_0/libsrc/qspips_v3_3/src -s libs  "SHELL=/bin/sh" "COMPILER=arm-none-eabi-gcc" "ARCHIVER=arm-none-eabi-ar" "COMPILER_FLAGS=  -O2 -c" "EXTRA_COMPILER_FLAGS=-mcpu=cortex-a9 -mfpu=vfpv3 -mfloat-abi=hard -nostartfiles"
make[2]: Entering directory `/users/start2017/r0634161/Git/Project-DDP/actual_project/sw_project/project_sw/hw_bsp/ps7_cortexa9_0/libsrc/qspips_v3_3/src'
Compiling qspips
arm-none-eabi-ar: creating ../../../lib/libxil.a
make[2]: Leaving directory `/users/start2017/r0634161/Git/Project-DDP/actual_project/sw_project/project_sw/hw_bsp/ps7_cortexa9_0/libsrc/qspips_v3_3/src'
Running Make libs in ps7_cortexa9_0/libsrc/ddrps_v1_0/src
make -C ps7_cortexa9_0/libsrc/ddrps_v1_0/src -s libs  "SHELL=/bin/sh" "COMPILER=arm-none-eabi-gcc" "ARCHIVER=arm-none-eabi-ar" "COMPILER_FLAGS=  -O2 -c" "EXTRA_COMPILER_FLAGS=-mcpu=cortex-a9 -mfpu=vfpv3 -mfloat-abi=hard -nostartfiles"
make[2]: Entering directory `/users/start2017/r0634161/Git/Project-DDP/actual_project/sw_project/project_sw/hw_bsp/ps7_cortexa9_0/libsrc/ddrps_v1_0/src'
Compiling ddrps
make[2]: Leaving directory `/users/start2017/r0634161/Git/Project-DDP/actual_project/sw_project/project_sw/hw_bsp/ps7_cortexa9_0/libsrc/ddrps_v1_0/src'
Running Make libs in ps7_cortexa9_0/libsrc/cpu_cortexa9_v2_2/src
make -C ps7_cortexa9_0/libsrc/cpu_cortexa9_v2_2/src -s libs  "SHELL=/bin/sh" "COMPILER=arm-none-eabi-gcc" "ARCHIVER=arm-none-eabi-ar" "COMPILER_FLAGS=  -O2 -c" "EXTRA_COMPILER_FLAGS=-mcpu=cortex-a9 -mfpu=vfpv3 -mfloat-abi=hard -nostartfiles"
make[2]: Entering directory `/users/start2017/r0634161/Git/Project-DDP/actual_project/sw_project/project_sw/hw_bsp/ps7_cortexa9_0/libsrc/cpu_cortexa9_v2_2/src'
Compiling cpu_cortexa9
make[2]: Leaving directory `/users/start2017/r0634161/Git/Project-DDP/actual_project/sw_project/project_sw/hw_bsp/ps7_cortexa9_0/libsrc/cpu_cortexa9_v2_2/src'
Running Make libs in ps7_cortexa9_0/libsrc/sdps_v2_8/src
make -C ps7_cortexa9_0/libsrc/sdps_v2_8/src -s libs  "SHELL=/bin/sh" "COMPILER=arm-none-eabi-gcc" "ARCHIVER=arm-none-eabi-ar" "COMPILER_FLAGS=  -O2 -c" "EXTRA_COMPILER_FLAGS=-mcpu=cortex-a9 -mfpu=vfpv3 -mfloat-abi=hard -nostartfiles"
make[2]: Entering directory `/users/start2017/r0634161/Git/Project-DDP/actual_project/sw_project/project_sw/hw_bsp/ps7_cortexa9_0/libsrc/sdps_v2_8/src'
Compiling sdps
make[2]: Leaving directory `/users/start2017/r0634161/Git/Project-DDP/actual_project/sw_project/project_sw/hw_bsp/ps7_cortexa9_0/libsrc/sdps_v2_8/src'
Running Make libs in ps7_cortexa9_0/libsrc/emacps_v3_2/src
make -C ps7_cortexa9_0/libsrc/emacps_v3_2/src -s libs  "SHELL=/bin/sh" "COMPILER=arm-none-eabi-gcc" "ARCHIVER=arm-none-eabi-ar" "COMPILER_FLAGS=  -O2 -c" "EXTRA_COMPILER_FLAGS=-mcpu=cortex-a9 -mfpu=vfpv3 -mfloat-abi=hard -nostartfiles"
make[2]: Entering directory `/users/start2017/r0634161/Git/Project-DDP/actual_project/sw_project/project_sw/hw_bsp/ps7_cortexa9_0/libsrc/emacps_v3_2/src'
Compiling emacps
make[2]: Leaving directory `/users/start2017/r0634161/Git/Project-DDP/actual_project/sw_project/project_sw/hw_bsp/ps7_cortexa9_0/libsrc/emacps_v3_2/src'
Running Make libs in ps7_cortexa9_0/libsrc/uartps_v3_1/src
make -C ps7_cortexa9_0/libsrc/uartps_v3_1/src -s libs  "SHELL=/bin/sh" "COMPILER=arm-none-eabi-gcc" "ARCHIVER=arm-none-eabi-ar" "COMPILER_FLAGS=  -O2 -c" "EXTRA_COMPILER_FLAGS=-mcpu=cortex-a9 -mfpu=vfpv3 -mfloat-abi=hard -nostartfiles"
make[2]: Entering directory `/users/start2017/r0634161/Git/Project-DDP/actual_project/sw_project/project_sw/hw_bsp/ps7_cortexa9_0/libsrc/uartps_v3_1/src'
Compiling uartps
make[2]: Leaving directory `/users/start2017/r0634161/Git/Project-DDP/actual_project/sw_project/project_sw/hw_bsp/ps7_cortexa9_0/libsrc/uartps_v3_1/src'
Running Make libs in ps7_cortexa9_0/libsrc/scugic_v3_3/src
make -C ps7_cortexa9_0/libsrc/scugic_v3_3/src -s libs  "SHELL=/bin/sh" "COMPILER=arm-none-eabi-gcc" "ARCHIVER=arm-none-eabi-ar" "COMPILER_FLAGS=  -O2 -c" "EXTRA_COMPILER_FLAGS=-mcpu=cortex-a9 -mfpu=vfpv3 -mfloat-abi=hard -nostartfiles"
make[2]: Entering directory `/users/start2017/r0634161/Git/Project-DDP/actual_project/sw_project/project_sw/hw_bsp/ps7_cortexa9_0/libsrc/scugic_v3_3/src'
Compiling scugic
make[2]: Leaving directory `/users/start2017/r0634161/Git/Project-DDP/actual_project/sw_project/project_sw/hw_bsp/ps7_cortexa9_0/libsrc/scugic_v3_3/src'
Running Make libs in ps7_cortexa9_0/libsrc/axidma_v9_2/src
make -C ps7_cortexa9_0/libsrc/axidma_v9_2/src -s libs  "SHELL=/bin/sh" "COMPILER=arm-none-eabi-gcc" "ARCHIVER=arm-none-eabi-ar" "COMPILER_FLAGS=  -O2 -c" "EXTRA_COMPILER_FLAGS=-mcpu=cortex-a9 -mfpu=vfpv3 -mfloat-abi=hard -nostartfiles"
make[2]: Entering directory `/users/start2017/r0634161/Git/Project-DDP/actual_project/sw_project/project_sw/hw_bsp/ps7_cortexa9_0/libsrc/axidma_v9_2/src'
Compiling axidma
make[3]: Entering directory `/users/start2017/r0634161/Git/Project-DDP/actual_project/sw_project/project_sw/hw_bsp/ps7_cortexa9_0/libsrc/axidma_v9_2/src'
make[3]: Leaving directory `/users/start2017/r0634161/Git/Project-DDP/actual_project/sw_project/project_sw/hw_bsp/ps7_cortexa9_0/libsrc/axidma_v9_2/src'
make[2]: Leaving directory `/users/start2017/r0634161/Git/Project-DDP/actual_project/sw_project/project_sw/hw_bsp/ps7_cortexa9_0/libsrc/axidma_v9_2/src'
Running Make libs in ps7_cortexa9_0/libsrc/xadcps_v2_2/src
make -C ps7_cortexa9_0/libsrc/xadcps_v2_2/src -s libs  "SHELL=/bin/sh" "COMPILER=arm-none-eabi-gcc" "ARCHIVER=arm-none-eabi-ar" "COMPILER_FLAGS=  -O2 -c" "EXTRA_COMPILER_FLAGS=-mcpu=cortex-a9 -mfpu=vfpv3 -mfloat-abi=hard -nostartfiles"
make[2]: Entering directory `/users/start2017/r0634161/Git/Project-DDP/actual_project/sw_project/project_sw/hw_bsp/ps7_cortexa9_0/libsrc/xadcps_v2_2/src'
Compiling xadcps
make[2]: Leaving directory `/users/start2017/r0634161/Git/Project-DDP/actual_project/sw_project/project_sw/hw_bsp/ps7_cortexa9_0/libsrc/xadcps_v2_2/src'
Running Make libs in ps7_cortexa9_0/libsrc/devcfg_v3_4/src
make -C ps7_cortexa9_0/libsrc/devcfg_v3_4/src -s libs  "SHELL=/bin/sh" "COMPILER=arm-none-eabi-gcc" "ARCHIVER=arm-none-eabi-ar" "COMPILER_FLAGS=  -O2 -c" "EXTRA_COMPILER_FLAGS=-mcpu=cortex-a9 -mfpu=vfpv3 -mfloat-abi=hard -nostartfiles"
make[2]: Entering directory `/users/start2017/r0634161/Git/Project-DDP/actual_project/sw_project/project_sw/hw_bsp/ps7_cortexa9_0/libsrc/devcfg_v3_4/src'
Compiling devcfg
make[2]: Leaving directory `/users/start2017/r0634161/Git/Project-DDP/actual_project/sw_project/project_sw/hw_bsp/ps7_cortexa9_0/libsrc/devcfg_v3_4/src'
Running Make libs in ps7_cortexa9_0/libsrc/dmaps_v2_1/src
make -C ps7_cortexa9_0/libsrc/dmaps_v2_1/src -s libs  "SHELL=/bin/sh" "COMPILER=arm-none-eabi-gcc" "ARCHIVER=arm-none-eabi-ar" "COMPILER_FLAGS=  -O2 -c" "EXTRA_COMPILER_FLAGS=-mcpu=cortex-a9 -mfpu=vfpv3 -mfloat-abi=hard -nostartfiles"
make[2]: Entering directory `/users/start2017/r0634161/Git/Project-DDP/actual_project/sw_project/project_sw/hw_bsp/ps7_cortexa9_0/libsrc/dmaps_v2_1/src'
Compiling dmaps
make[2]: Leaving directory `/users/start2017/r0634161/Git/Project-DDP/actual_project/sw_project/project_sw/hw_bsp/ps7_cortexa9_0/libsrc/dmaps_v2_1/src'
Running Make libs in ps7_cortexa9_0/libsrc/gpiops_v3_1/src
make -C ps7_cortexa9_0/libsrc/gpiops_v3_1/src -s libs  "SHELL=/bin/sh" "COMPILER=arm-none-eabi-gcc" "ARCHIVER=arm-none-eabi-ar" "COMPILER_FLAGS=  -O2 -c" "EXTRA_COMPILER_FLAGS=-mcpu=cortex-a9 -mfpu=vfpv3 -mfloat-abi=hard -nostartfiles"
make[2]: Entering directory `/users/start2017/r0634161/Git/Project-DDP/actual_project/sw_project/project_sw/hw_bsp/ps7_cortexa9_0/libsrc/gpiops_v3_1/src'
Compiling gpiops
make[2]: Leaving directory `/users/start2017/r0634161/Git/Project-DDP/actual_project/sw_project/project_sw/hw_bsp/ps7_cortexa9_0/libsrc/gpiops_v3_1/src'
Running Make libs in ps7_cortexa9_0/libsrc/scuwdt_v2_1/src
make -C ps7_cortexa9_0/libsrc/scuwdt_v2_1/src -s libs  "SHELL=/bin/sh" "COMPILER=arm-none-eabi-gcc" "ARCHIVER=arm-none-eabi-ar" "COMPILER_FLAGS=  -O2 -c" "EXTRA_COMPILER_FLAGS=-mcpu=cortex-a9 -mfpu=vfpv3 -mfloat-abi=hard -nostartfiles"
make[2]: Entering directory `/users/start2017/r0634161/Git/Project-DDP/actual_project/sw_project/project_sw/hw_bsp/ps7_cortexa9_0/libsrc/scuwdt_v2_1/src'
Compiling scuwdt
make[2]: Leaving directory `/users/start2017/r0634161/Git/Project-DDP/actual_project/sw_project/project_sw/hw_bsp/ps7_cortexa9_0/libsrc/scuwdt_v2_1/src'
Running Make libs in ps7_cortexa9_0/libsrc/ttcps_v3_1/src
make -C ps7_cortexa9_0/libsrc/ttcps_v3_1/src -s libs  "SHELL=/bin/sh" "COMPILER=arm-none-eabi-gcc" "ARCHIVER=arm-none-eabi-ar" "COMPILER_FLAGS=  -O2 -c" "EXTRA_COMPILER_FLAGS=-mcpu=cortex-a9 -mfpu=vfpv3 -mfloat-abi=hard -nostartfiles"
make[2]: Entering directory `/users/start2017/r0634161/Git/Project-DDP/actual_project/sw_project/project_sw/hw_bsp/ps7_cortexa9_0/libsrc/ttcps_v3_1/src'
Compiling ttcps
make[2]: Leaving directory `/users/start2017/r0634161/Git/Project-DDP/actual_project/sw_project/project_sw/hw_bsp/ps7_cortexa9_0/libsrc/ttcps_v3_1/src'
Running Make libs in ps7_cortexa9_0/libsrc/coresightps_dcc_v1_2/src
make -C ps7_cortexa9_0/libsrc/coresightps_dcc_v1_2/src -s libs  "SHELL=/bin/sh" "COMPILER=arm-none-eabi-gcc" "ARCHIVER=arm-none-eabi-ar" "COMPILER_FLAGS=  -O2 -c" "EXTRA_COMPILER_FLAGS=-mcpu=cortex-a9 -mfpu=vfpv3 -mfloat-abi=hard -nostartfiles"
make[2]: Entering directory `/users/start2017/r0634161/Git/Project-DDP/actual_project/sw_project/project_sw/hw_bsp/ps7_cortexa9_0/libsrc/coresightps_dcc_v1_2/src'
Compiling coresightps_dcc
make[2]: Leaving directory `/users/start2017/r0634161/Git/Project-DDP/actual_project/sw_project/project_sw/hw_bsp/ps7_cortexa9_0/libsrc/coresightps_dcc_v1_2/src'
Running Make libs in ps7_cortexa9_0/libsrc/standalone_v5_5/src
make -C ps7_cortexa9_0/libsrc/standalone_v5_5/src -s libs  "SHELL=/bin/sh" "COMPILER=arm-none-eabi-gcc" "ARCHIVER=arm-none-eabi-ar" "COMPILER_FLAGS=  -O2 -c" "EXTRA_COMPILER_FLAGS=-mcpu=cortex-a9 -mfpu=vfpv3 -mfloat-abi=hard -nostartfiles"
make[2]: Entering directory `/users/start2017/r0634161/Git/Project-DDP/actual_project/sw_project/project_sw/hw_bsp/ps7_cortexa9_0/libsrc/standalone_v5_5/src'
Compiling standalone
make[2]: Leaving directory `/users/start2017/r0634161/Git/Project-DDP/actual_project/sw_project/project_sw/hw_bsp/ps7_cortexa9_0/libsrc/standalone_v5_5/src'
Running Make libs in ps7_cortexa9_0/libsrc/usbps_v2_4/src
make -C ps7_cortexa9_0/libsrc/usbps_v2_4/src -s libs  "SHELL=/bin/sh" "COMPILER=arm-none-eabi-gcc" "ARCHIVER=arm-none-eabi-ar" "COMPILER_FLAGS=  -O2 -c" "EXTRA_COMPILER_FLAGS=-mcpu=cortex-a9 -mfpu=vfpv3 -mfloat-abi=hard -nostartfiles"
make[2]: Entering directory `/users/start2017/r0634161/Git/Project-DDP/actual_project/sw_project/project_sw/hw_bsp/ps7_cortexa9_0/libsrc/usbps_v2_4/src'
Compiling usbps
make[2]: Leaving directory `/users/start2017/r0634161/Git/Project-DDP/actual_project/sw_project/project_sw/hw_bsp/ps7_cortexa9_0/libsrc/usbps_v2_4/src'
Running Make libs in ps7_cortexa9_0/libsrc/scutimer_v2_1/src
make -C ps7_cortexa9_0/libsrc/scutimer_v2_1/src -s libs  "SHELL=/bin/sh" "COMPILER=arm-none-eabi-gcc" "ARCHIVER=arm-none-eabi-ar" "COMPILER_FLAGS=  -O2 -c" "EXTRA_COMPILER_FLAGS=-mcpu=cortex-a9 -mfpu=vfpv3 -mfloat-abi=hard -nostartfiles"
make[2]: Entering directory `/users/start2017/r0634161/Git/Project-DDP/actual_project/sw_project/project_sw/hw_bsp/ps7_cortexa9_0/libsrc/scutimer_v2_1/src'
Compiling scutimer
make[2]: Leaving directory `/users/start2017/r0634161/Git/Project-DDP/actual_project/sw_project/project_sw/hw_bsp/ps7_cortexa9_0/libsrc/scutimer_v2_1/src'
Finished building libraries
make[1]: Leaving directory `/users/start2017/r0634161/Git/Project-DDP/actual_project/sw_project/project_sw/hw_bsp'
20:27:19 **** Build of configuration Debug for project sw_design ****
make pre-build main-build 
make[1]: Entering directory `/users/start2017/r0634161/Git/Project-DDP/actual_project/sw_project/project_sw/sw_design/Debug'
a9-linaro-pre-build-step
 
Building file: ../src/platform/interface.c
Invoking: ARM v7 gcc compiler
arm-none-eabi-gcc -Wall -O0 -g3 -c -fmessage-length=0 -MT"src/platform/interface.o" -mcpu=cortex-a9 -mfpu=vfpv3 -mfloat-abi=hard -I../../hw_bsp/ps7_cortexa9_0/include -MMD -MP -MF"src/platform/interface.d" -MT"src/platform/interface.o" -o "src/platform/interface.o" "../src/platform/interface.c"
../src/platform/interface.c: In function ‘print_array_contents’:
../src/platform/interface.c:54:9: warning: implicit declaration of function ‘xil_printf’ [-Wimplicit-function-declaration]
         xil_printf("%08x %08x %08x %08x\n\r",
         ^
Finished building: ../src/platform/interface.c
 
Building file: ../src/platform/platform.c
Invoking: ARM v7 gcc compiler
arm-none-eabi-gcc -Wall -O0 -g3 -c -fmessage-length=0 -MT"src/platform/platform.o" -mcpu=cortex-a9 -mfpu=vfpv3 -mfloat-abi=hard -I../../hw_bsp/ps7_cortexa9_0/include -MMD -MP -MF"src/platform/platform.d" -MT"src/platform/platform.o" -o "src/platform/platform.o" "../src/platform/platform.c"
Finished building: ../src/platform/platform.c
 
Building file: ../src/asm_conditional_sub.S
Invoking: ARM v7 gcc compiler
arm-none-eabi-gcc -Wall -O0 -g3 -c -fmessage-length=0 -MT"src/asm_conditional_sub.o" -mcpu=cortex-a9 -mfpu=vfpv3 -mfloat-abi=hard -I../../hw_bsp/ps7_cortexa9_0/include -MMD -MP -MF"src/asm_conditional_sub.d" -MT"src/asm_conditional_sub.o" -o "src/asm_conditional_sub.o" "../src/asm_conditional_sub.S"
Finished building: ../src/asm_conditional_sub.S
 
Building file: ../src/asm_func.S
Invoking: ARM v7 gcc compiler
arm-none-eabi-gcc -Wall -O0 -g3 -c -fmessage-length=0 -MT"src/asm_func.o" -mcpu=cortex-a9 -mfpu=vfpv3 -mfloat-abi=hard -I../../hw_bsp/ps7_cortexa9_0/include -MMD -MP -MF"src/asm_func.d" -MT"src/asm_func.o" -o "src/asm_func.o" "../src/asm_func.S"
Finished building: ../src/asm_func.S
 
Building file: ../src/asm_mont_add.S
Invoking: ARM v7 gcc compiler
arm-none-eabi-gcc -Wall -O0 -g3 -c -fmessage-length=0 -MT"src/asm_mont_add.o" -mcpu=cortex-a9 -mfpu=vfpv3 -mfloat-abi=hard -I../../hw_bsp/ps7_cortexa9_0/include -MMD -MP -MF"src/asm_mont_add.d" -MT"src/asm_mont_add.o" -o "src/asm_mont_add.o" "../src/asm_mont_add.S"
Finished building: ../src/asm_mont_add.S
 
Building file: ../src/asm_montgomery.S
Invoking: ARM v7 gcc compiler
arm-none-eabi-gcc -Wall -O0 -g3 -c -fmessage-length=0 -MT"src/asm_montgomery.o" -mcpu=cortex-a9 -mfpu=vfpv3 -mfloat-abi=hard -I../../hw_bsp/ps7_cortexa9_0/include -MMD -MP -MF"src/asm_montgomery.d" -MT"src/asm_montgomery.o" -o "src/asm_montgomery.o" "../src/asm_montgomery.S"
Finished building: ../src/asm_montgomery.S
 
Building file: ../src/hw_accelerator.c
Invoking: ARM v7 gcc compiler
arm-none-eabi-gcc -Wall -O0 -g3 -c -fmessage-length=0 -MT"src/hw_accelerator.o" -mcpu=cortex-a9 -mfpu=vfpv3 -mfloat-abi=hard -I../../hw_bsp/ps7_cortexa9_0/include -MMD -MP -MF"src/hw_accelerator.d" -MT"src/hw_accelerator.o" -o "src/hw_accelerator.o" "../src/hw_accelerator.c"
Finished building: ../src/hw_accelerator.c
 
Building file: ../src/main.c
Invoking: ARM v7 gcc compiler
arm-none-eabi-gcc -Wall -O0 -g3 -c -fmessage-length=0 -MT"src/main.o" -mcpu=cortex-a9 -mfpu=vfpv3 -mfloat-abi=hard -I../../hw_bsp/ps7_cortexa9_0/include -MMD -MP -MF"src/main.d" -MT"src/main.o" -o "src/main.o" "../src/main.c"
Finished building: ../src/main.c
 
Building file: ../src/montgomery.c
Invoking: ARM v7 gcc compiler
arm-none-eabi-gcc -Wall -O0 -g3 -c -fmessage-length=0 -MT"src/montgomery.o" -mcpu=cortex-a9 -mfpu=vfpv3 -mfloat-abi=hard -I../../hw_bsp/ps7_cortexa9_0/include -MMD -MP -MF"src/montgomery.d" -MT"src/montgomery.o" -o "src/montgomery.o" "../src/montgomery.c"
../src/montgomery.c: In function ‘mont’:
../src/montgomery.c:29:2: warning: implicit declaration of function ‘asm_mont_mul_loop’ [-Wimplicit-function-declaration]
  asm_mont_mul_loop(a, b, t, SIZE);
  ^
Finished building: ../src/montgomery.c
 
Building file: ../src/mp_arith.c
Invoking: ARM v7 gcc compiler
arm-none-eabi-gcc -Wall -O0 -g3 -c -fmessage-length=0 -MT"src/mp_arith.o" -mcpu=cortex-a9 -mfpu=vfpv3 -mfloat-abi=hard -I../../hw_bsp/ps7_cortexa9_0/include -MMD -MP -MF"src/mp_arith.d" -MT"src/mp_arith.o" -o "src/mp_arith.o" "../src/mp_arith.c"
../src/mp_arith.c: In function ‘mod_add’:
../src/mp_arith.c:79:14: warning: pointer targets in passing argument 1 of ‘mp_comp’ differ in signedness [-Wpointer-sign]
  if (mp_comp(res, N, size)) {
              ^
../src/mp_arith.c:47:10: note: expected ‘int32_t *’ but argument is of type ‘uint32_t *’
 uint32_t mp_comp(int32_t *a, uint32_t *b, uint32_t size) {
          ^
Finished building: ../src/mp_arith.c
 
Building file: ../src/tests.c
Invoking: ARM v7 gcc compiler
arm-none-eabi-gcc -Wall -O0 -g3 -c -fmessage-length=0 -MT"src/tests.o" -mcpu=cortex-a9 -mfpu=vfpv3 -mfloat-abi=hard -I../../hw_bsp/ps7_cortexa9_0/include -MMD -MP -MF"src/tests.d" -MT"src/tests.o" -o "src/tests.o" "../src/tests.c"
Finished building: ../src/tests.c
 
Building file: ../src/testvector.c
Invoking: ARM v7 gcc compiler
arm-none-eabi-gcc -Wall -O0 -g3 -c -fmessage-length=0 -MT"src/testvector.o" -mcpu=cortex-a9 -mfpu=vfpv3 -mfloat-abi=hard -I../../hw_bsp/ps7_cortexa9_0/include -MMD -MP -MF"src/testvector.d" -MT"src/testvector.o" -o "src/testvector.o" "../src/testvector.c"
Finished building: ../src/testvector.c
 
Building target: sw_design.elf
Invoking: ARM v7 gcc linker
arm-none-eabi-gcc -mcpu=cortex-a9 -mfpu=vfpv3 -mfloat-abi=hard -Wl,-build-id=none -specs=Xilinx.spec -Wl,-T -Wl,../src/lscript.ld -L../../hw_bsp/ps7_cortexa9_0/lib -o "sw_design.elf"  ./src/platform/interface.o ./src/platform/platform.o  ./src/asm_conditional_sub.o ./src/asm_func.o ./src/asm_mont_add.o ./src/asm_montgomery.o ./src/hw_accelerator.o ./src/main.o ./src/montgomery.o ./src/mp_arith.o ./src/tests.o ./src/testvector.o   -Wl,--start-group,-lxil,-lgcc,-lc,--end-group
Finished building target: sw_design.elf
 
Invoking: ARM v7 Print Size
arm-none-eabi-size sw_design.elf  |tee "sw_design.elf.size"
   text	   data	    bss	    dec	    hex	filename
  32676	   1928	  22580	  57184	   df60	sw_design.elf
Finished building: sw_design.elf.size
 
make[1]: Leaving directory `/users/start2017/r0634161/Git/Project-DDP/actual_project/sw_project/project_sw/sw_design/Debug'
20:28:33 **** Incremental Build of configuration Debug for project sw_design ****
make pre-build main-build 
make[1]: Entering directory `/users/start2017/r0634161/Git/Project-DDP/actual_project/sw_project/project_sw/sw_design/Debug'
a9-linaro-pre-build-step
 
Building file: ../src/montgomery.c
Invoking: ARM v7 gcc compiler
arm-none-eabi-gcc -Wall -O0 -g3 -c -fmessage-length=0 -MT"src/montgomery.o" -mcpu=cortex-a9 -mfpu=vfpv3 -mfloat-abi=hard -I../../hw_bsp/ps7_cortexa9_0/include -MMD -MP -MF"src/montgomery.d" -MT"src/montgomery.o" -o "src/montgomery.o" "../src/montgomery.c"
Finished building: ../src/montgomery.c
 
Building target: sw_design.elf
Invoking: ARM v7 gcc linker
arm-none-eabi-gcc -mcpu=cortex-a9 -mfpu=vfpv3 -mfloat-abi=hard -Wl,-build-id=none -specs=Xilinx.spec -Wl,-T -Wl,../src/lscript.ld -L../../hw_bsp/ps7_cortexa9_0/lib -o "sw_design.elf"  ./src/platform/interface.o ./src/platform/platform.o  ./src/asm_conditional_sub.o ./src/asm_func.o ./src/asm_mont_add.o ./src/asm_montgomery.o ./src/hw_accelerator.o ./src/main.o ./src/montgomery.o ./src/mp_arith.o ./src/tests.o ./src/testvector.o   -Wl,--start-group,-lxil,-lgcc,-lc,--end-group
Finished building target: sw_design.elf
 
Invoking: ARM v7 Print Size
arm-none-eabi-size sw_design.elf  |tee "sw_design.elf.size"
   text	   data	    bss	    dec	    hex	filename
  32676	   1928	  22580	  57184	   df60	sw_design.elf
Finished building: sw_design.elf.size
 
make[1]: Leaving directory `/users/start2017/r0634161/Git/Project-DDP/actual_project/sw_project/project_sw/sw_design/Debug'
20:29:40 **** Incremental Build of configuration Debug for project sw_design ****
make pre-build main-build 
make[1]: Entering directory `/users/start2017/r0634161/Git/Project-DDP/actual_project/sw_project/project_sw/sw_design/Debug'
a9-linaro-pre-build-step
 
Building file: ../src/main.c
Invoking: ARM v7 gcc compiler
arm-none-eabi-gcc -Wall -O0 -g3 -c -fmessage-length=0 -MT"src/main.o" -mcpu=cortex-a9 -mfpu=vfpv3 -mfloat-abi=hard -I../../hw_bsp/ps7_cortexa9_0/include -MMD -MP -MF"src/main.d" -MT"src/main.o" -o "src/main.o" "../src/main.c"
../src/main.c: In function ‘main’:
../src/main.c:47:2: warning: implicit declaration of function ‘test’ [-Wimplicit-function-declaration]
  test();
  ^
Finished building: ../src/main.c
 
Building target: sw_design.elf
Invoking: ARM v7 gcc linker
arm-none-eabi-gcc -mcpu=cortex-a9 -mfpu=vfpv3 -mfloat-abi=hard -Wl,-build-id=none -specs=Xilinx.spec -Wl,-T -Wl,../src/lscript.ld -L../../hw_bsp/ps7_cortexa9_0/lib -o "sw_design.elf"  ./src/platform/interface.o ./src/platform/platform.o  ./src/asm_conditional_sub.o ./src/asm_func.o ./src/asm_mont_add.o ./src/asm_montgomery.o ./src/hw_accelerator.o ./src/main.o ./src/montgomery.o ./src/mp_arith.o ./src/tests.o ./src/testvector.o   -Wl,--start-group,-lxil,-lgcc,-lc,--end-group
Finished building target: sw_design.elf
 
Invoking: ARM v7 Print Size
arm-none-eabi-size sw_design.elf  |tee "sw_design.elf.size"
   text	   data	    bss	    dec	    hex	filename
  32676	   1928	  22580	  57184	   df60	sw_design.elf
Finished building: sw_design.elf.size
 
make[1]: Leaving directory `/users/start2017/r0634161/Git/Project-DDP/actual_project/sw_project/project_sw/sw_design/Debug'
22:43:58 **** Incremental Build of configuration Debug for project sw_design ****
make pre-build main-build 
make[1]: Entering directory `/users/start2017/r0634161/Git/Project-DDP/actual_project/sw_project/project_sw/sw_design/Debug'
a9-linaro-pre-build-step
 
Building file: ../src/main.c
Invoking: ARM v7 gcc compiler
arm-none-eabi-gcc -Wall -O0 -g3 -c -fmessage-length=0 -MT"src/main.o" -mcpu=cortex-a9 -mfpu=vfpv3 -mfloat-abi=hard -I../../hw_bsp/ps7_cortexa9_0/include -MMD -MP -MF"src/main.d" -MT"src/main.o" -o "src/main.o" "../src/main.c"
../src/main.c: In function 'main':
../src/main.c:37:14: warning: unused variable 'res' [-Wunused-variable]
     uint32_t res[33];
              ^
../src/main.c:36:14: warning: unused variable 'n_prime' [-Wunused-variable]
     uint32_t n_prime[32] = {0xe7d41349, 0x0c828dcd, 0x2dc06d90, 0x318f87bf, 0x1992ba09, 0x4b1bef10, 0x011ba664, 0xe3a7d9cf, 0x44449fbd, 0x89714d34, 0x6cd49cc4, 0x49c5b99d, 0xf90435b1, 0x38f037b7, 0xba9720db, 0x9641b106, 0xbca01d2a, 0xfdb82893, 0xbd7ce9c7, 0x372823e1, 0x4901cdde, 0xaa28d457, 0xe9f78c94, 0xb6e1e5b3, 0x5a79f7a6, 0xf5212a83, 0x2b1aab45, 0xa3924b69, 0x3c63a8af, 0x12fa121d, 0x7500bea0, 0xe58878e7};
              ^
../src/main.c:35:14: warning: unused variable 'N' [-Wunused-variable]
     uint32_t N[32] = {0x4aeeb107, 0x5d78aa98, 0x6c55dd05, 0x6f5326c9, 0xf93f738c, 0xc10fa093, 0x20478120, 0x099d6d70, 0x833d9b82, 0x1248f3ed, 0xa43ed737, 0xc1c1da45, 0x9f23e5c7, 0xb17c3598, 0xe8938df6, 0x7ae59036, 0x9f84d87b, 0xc8710dc6, 0x249ee0f8, 0x46eeae2f, 0x66a3bb9b, 0xfeef4c6b, 0xc7b55eae, 0x7951dd0c, 0x0b4391e8, 0x141ad586, 0x1a568588, 0x908293dd, 0x472c0bea, 0x8d00abfe, 0xed17377f, 0x83a01efe};
              ^
../src/main.c:34:14: warning: unused variable 'b' [-Wunused-variable]
     uint32_t b[32] = {0xfeb1b9f4, 0xe91d3bec, 0xfb09354d, 0x07f21d6d, 0x9ece9e1b, 0x18def18b, 0x4119e1e9, 0x55c85f24, 0x60ef0e23, 0x10e8ab54, 0x1e95cdcc, 0x4373912f, 0x6f42204d, 0x7126650d, 0xb61c1c8d, 0x98af9011, 0xa42c03b4, 0xd29e0870, 0x7923cb60, 0xdf87cfe5, 0xde4fffa0, 0x3ce537ca, 0x201040c6, 0x6e54b058, 0x814c53dc, 0xf16243f0, 0x57decf64, 0x8d0d4f37, 0x9b6d93e5, 0x45396d71, 0x615213c4, 0x65f89f9f};
              ^
../src/main.c:33:14: warning: unused variable 'a' [-Wunused-variable]
     uint32_t a[32] = {0xf484e847, 0x4ae251f1, 0xedfa617d, 0x58ab6bf4, 0x46bf4848, 0xf67c1061, 0x8811c17a, 0x578fde16, 0x493ee595, 0x1eafc4c3, 0xc4f11a2e, 0x8cb6fba7, 0x724c03a4, 0x2e6c1dbd, 0x57ebc43d, 0x3e6ee260, 0x4089c050, 0xf0384e03, 0x7357f72c, 0x87acb658, 0x7ea2490e, 0x61069112, 0x42e3f8b9, 0x9e778cef, 0x5cdf77c7, 0x10bce41c, 0x1121beec, 0x3db59a36, 0xc34620c5, 0xc6b030ae, 0xe8fc5934, 0x63a0a0cb};
              ^
Finished building: ../src/main.c
 
Building file: ../src/tests.c
Invoking: ARM v7 gcc compiler
arm-none-eabi-gcc -Wall -O0 -g3 -c -fmessage-length=0 -MT"src/tests.o" -mcpu=cortex-a9 -mfpu=vfpv3 -mfloat-abi=hard -I../../hw_bsp/ps7_cortexa9_0/include -MMD -MP -MF"src/tests.d" -MT"src/tests.o" -o "src/tests.o" "../src/tests.c"
../src/tests.c: In function 'test':
../src/tests.c:28:2: warning: implicit declaration of function 'xil_printf' [-Wimplicit-function-declaration]
  xil_printf("Hello.");
  ^
Finished building: ../src/tests.c
 
Building target: sw_design.elf
Invoking: ARM v7 gcc linker
arm-none-eabi-gcc -mcpu=cortex-a9 -mfpu=vfpv3 -mfloat-abi=hard -Wl,-build-id=none -specs=Xilinx.spec -Wl,-T -Wl,../src/lscript.ld -L../../hw_bsp/ps7_cortexa9_0/lib -o "sw_design.elf"  ./src/platform/interface.o ./src/platform/platform.o  ./src/asm_conditional_sub.o ./src/asm_func.o ./src/asm_mont_add.o ./src/asm_montgomery.o ./src/hw_accelerator.o ./src/main.o ./src/montgomery.o ./src/mp_arith.o ./src/tests.o ./src/testvector.o   -Wl,--start-group,-lxil,-lgcc,-lc,--end-group
Finished building target: sw_design.elf
 
Invoking: ARM v7 Print Size
arm-none-eabi-size sw_design.elf  |tee "sw_design.elf.size"
   text	   data	    bss	    dec	    hex	filename
  32528	   1928	  22580	  57036	   decc	sw_design.elf
Finished building: sw_design.elf.size
 
make[1]: Leaving directory `/users/start2017/r0634161/Git/Project-DDP/actual_project/sw_project/project_sw/sw_design/Debug'
22:44:15 **** Incremental Build of configuration Debug for project sw_design ****
make pre-build main-build 
make[1]: Entering directory `/users/start2017/r0634161/Git/Project-DDP/actual_project/sw_project/project_sw/sw_design/Debug'
a9-linaro-pre-build-step
 
Building file: ../src/tests.c
Invoking: ARM v7 gcc compiler
arm-none-eabi-gcc -Wall -O0 -g3 -c -fmessage-length=0 -MT"src/tests.o" -mcpu=cortex-a9 -mfpu=vfpv3 -mfloat-abi=hard -I../../hw_bsp/ps7_cortexa9_0/include -MMD -MP -MF"src/tests.d" -MT"src/tests.o" -o "src/tests.o" "../src/tests.c"
Finished building: ../src/tests.c
 
Building target: sw_design.elf
Invoking: ARM v7 gcc linker
arm-none-eabi-gcc -mcpu=cortex-a9 -mfpu=vfpv3 -mfloat-abi=hard -Wl,-build-id=none -specs=Xilinx.spec -Wl,-T -Wl,../src/lscript.ld -L../../hw_bsp/ps7_cortexa9_0/lib -o "sw_design.elf"  ./src/platform/interface.o ./src/platform/platform.o  ./src/asm_conditional_sub.o ./src/asm_func.o ./src/asm_mont_add.o ./src/asm_montgomery.o ./src/hw_accelerator.o ./src/main.o ./src/montgomery.o ./src/mp_arith.o ./src/tests.o ./src/testvector.o   -Wl,--start-group,-lxil,-lgcc,-lc,--end-group
Finished building target: sw_design.elf
 
Invoking: ARM v7 Print Size
arm-none-eabi-size sw_design.elf  |tee "sw_design.elf.size"
   text	   data	    bss	    dec	    hex	filename
  32528	   1928	  22580	  57036	   decc	sw_design.elf
Finished building: sw_design.elf.size
 
make[1]: Leaving directory `/users/start2017/r0634161/Git/Project-DDP/actual_project/sw_project/project_sw/sw_design/Debug'
22:44:22 **** Incremental Build of configuration Debug for project sw_design ****
make pre-build main-build 
make[1]: Entering directory `/users/start2017/r0634161/Git/Project-DDP/actual_project/sw_project/project_sw/sw_design/Debug'
a9-linaro-pre-build-step
 
make[1]: Nothing to be done for `main-build'.
make[1]: Leaving directory `/users/start2017/r0634161/Git/Project-DDP/actual_project/sw_project/project_sw/sw_design/Debug'
23:01:58 **** Incremental Build of configuration Debug for project sw_design ****
make pre-build main-build 
make[1]: Entering directory `/users/start2017/r0634161/Git/Project-DDP/actual_project/sw_project/project_sw/sw_design/Debug'
a9-linaro-pre-build-step
 
Building file: ../src/tests.c
Invoking: ARM v7 gcc compiler
arm-none-eabi-gcc -Wall -O0 -g3 -c -fmessage-length=0 -MT"src/tests.o" -mcpu=cortex-a9 -mfpu=vfpv3 -mfloat-abi=hard -I../../hw_bsp/ps7_cortexa9_0/include -MMD -MP -MF"src/tests.d" -MT"src/tests.o" -o "src/tests.o" "../src/tests.c"
../src/tests.c: In function 'compare':
../src/tests.c:27:7: error: subscripted value is neither array nor pointer nor vector
   if(a[i] != b[i]) {
       ^
../src/tests.c:27:15: error: subscripted value is neither array nor pointer nor vector
   if(a[i] != b[i]) {
               ^
../src/tests.c: In function 'test_reference':
../src/tests.c:41:22: error: 'reference' undeclared (first use in this function)
  if (compare(result, reference, 8) != 1) {
                      ^
../src/tests.c:41:22: note: each undeclared identifier is reported only once for each function it appears in
../src/tests.c:41:14: warning: passing argument 1 of 'compare' makes integer from pointer without a cast
  if (compare(result, reference, 8) != 1) {
              ^
../src/tests.c:24:5: note: expected 'uint32_t' but argument is of type 'uint32_t *'
 int compare(uint32_t a, uint32_t b, uint32_t size) {
     ^
../src/tests.c:44:3: warning: implicit declaration of function 'print_arr' [-Wimplicit-function-declaration]
   print_arr(expected, 8);
   ^
../src/tests.c:48:1: warning: control reaches end of non-void function [-Wreturn-type]
 }
 ^
make[1]: *** [src/tests.o] Error 1
make[1]: Leaving directory `/users/start2017/r0634161/Git/Project-DDP/actual_project/sw_project/project_sw/sw_design/Debug'
23:02:15 **** Incremental Build of configuration Debug for project sw_design ****
make pre-build main-build 
make[1]: Entering directory `/users/start2017/r0634161/Git/Project-DDP/actual_project/sw_project/project_sw/sw_design/Debug'
a9-linaro-pre-build-step
 
Building file: ../src/tests.c
Invoking: ARM v7 gcc compiler
arm-none-eabi-gcc -Wall -O0 -g3 -c -fmessage-length=0 -MT"src/tests.o" -mcpu=cortex-a9 -mfpu=vfpv3 -mfloat-abi=hard -I../../hw_bsp/ps7_cortexa9_0/include -MMD -MP -MF"src/tests.d" -MT"src/tests.o" -o "src/tests.o" "../src/tests.c"
../src/tests.c: In function 'compare':
../src/tests.c:27:7: error: subscripted value is neither array nor pointer nor vector
   if(a[i] != b[i]) {
       ^
../src/tests.c:27:15: error: subscripted value is neither array nor pointer nor vector
   if(a[i] != b[i]) {
               ^
../src/tests.c: In function 'test_reference':
../src/tests.c:41:14: warning: passing argument 1 of 'compare' makes integer from pointer without a cast
  if (compare(result, expected, 8) != 1) {
              ^
../src/tests.c:24:5: note: expected 'uint32_t' but argument is of type 'uint32_t *'
 int compare(uint32_t a, uint32_t b, uint32_t size) {
make[1]: Leaving directory `/users/start2017/r0634161/Git/Project-DDP/actual_project/sw_project/project_sw/sw_design/Debug'
     ^
../src/tests.c:41:22: warning: passing argument 2 of 'compare' makes integer from pointer without a cast
  if (compare(result, expected, 8) != 1) {
                      ^
../src/tests.c:24:5: note: expected 'uint32_t' but argument is of type 'uint32_t *'
 int compare(uint32_t a, uint32_t b, uint32_t size) {
     ^
../src/tests.c:44:3: warning: implicit declaration of function 'print_arr' [-Wimplicit-function-declaration]
   print_arr(expected, 8);
   ^
../src/tests.c:48:1: warning: control reaches end of non-void function [-Wreturn-type]
 }
 ^
make[1]: *** [src/tests.o] Error 1
23:02:23 **** Incremental Build of configuration Debug for project sw_design ****
make pre-build main-build 
make[1]: Entering directory `/users/start2017/r0634161/Git/Project-DDP/actual_project/sw_project/project_sw/sw_design/Debug'
a9-linaro-pre-build-step
 
Building file: ../src/tests.c
Invoking: ARM v7 gcc compiler
arm-none-eabi-gcc -Wall -O0 -g3 -c -fmessage-length=0 -MT"src/tests.o" -mcpu=cortex-a9 -mfpu=vfpv3 -mfloat-abi=hard -I../../hw_bsp/ps7_cortexa9_0/include -MMD -MP -MF"src/tests.d" -MT"src/tests.o" -o "src/tests.o" "../src/tests.c"
../src/tests.c: In function 'test_reference':
../src/tests.c:44:3: warning: implicit declaration of function 'print_arr' [-Wimplicit-function-declaration]
   print_arr(expected, 8);
   ^
../src/tests.c:48:1: warning: control reaches end of non-void function [-Wreturn-type]
 }
 ^
Finished building: ../src/tests.c
 
Building target: sw_design.elf
Invoking: ARM v7 gcc linker
arm-none-eabi-gcc -mcpu=cortex-a9 -mfpu=vfpv3 -mfloat-abi=hard -Wl,-build-id=none -specs=Xilinx.spec -Wl,-T -Wl,../src/lscript.ld -L../../hw_bsp/ps7_cortexa9_0/lib -o "sw_design.elf"  ./src/platform/interface.o ./src/platform/platform.o  ./src/asm_conditional_sub.o ./src/asm_func.o ./src/asm_mont_add.o ./src/asm_montgomery.o ./src/hw_accelerator.o ./src/main.o ./src/montgomery.o ./src/mp_arith.o ./src/tests.o ./src/testvector.o   -Wl,--start-group,-lxil,-lgcc,-lc,--end-group
Finished building target: sw_design.elf
 
Invoking: ARM v7 Print Size
arm-none-eabi-size sw_design.elf  |tee "sw_design.elf.size"
   text	   data	    bss	    dec	    hex	filename
  32956	   1928	  22580	  57464	   e078	sw_design.elf
Finished building: sw_design.elf.size
 
make[1]: Leaving directory `/users/start2017/r0634161/Git/Project-DDP/actual_project/sw_project/project_sw/sw_design/Debug'
23:02:27 **** Incremental Build of configuration Debug for project sw_design ****
make pre-build main-build 
make[1]: Entering directory `/users/start2017/r0634161/Git/Project-DDP/actual_project/sw_project/project_sw/sw_design/Debug'
a9-linaro-pre-build-step
 
make[1]: Nothing to be done for `main-build'.
make[1]: Leaving directory `/users/start2017/r0634161/Git/Project-DDP/actual_project/sw_project/project_sw/sw_design/Debug'
23:13:57 **** Incremental Build of configuration Debug for project sw_design ****
make pre-build main-build 
make[1]: Entering directory `/users/start2017/r0634161/Git/Project-DDP/actual_project/sw_project/project_sw/sw_design/Debug'
a9-linaro-pre-build-step
 
Building file: ../src/tests.c
Invoking: ARM v7 gcc compiler
arm-none-eabi-gcc -Wall -O0 -g3 -c -fmessage-length=0 -MT"src/tests.o" -mcpu=cortex-a9 -mfpu=vfpv3 -mfloat-abi=hard -I../../hw_bsp/ps7_cortexa9_0/include -MMD -MP -MF"src/tests.d" -MT"src/tests.o" -o "src/tests.o" "../src/tests.c"
../src/tests.c: In function 'test_reference':
../src/tests.c:44:3: warning: implicit declaration of function 'print_arr' [-Wimplicit-function-declaration]
   print_arr(expected, 8);
   ^
../src/tests.c:48:1: warning: control reaches end of non-void function [-Wreturn-type]
 }
 ^
Finished building: ../src/tests.c
 
Building target: sw_design.elf
Invoking: ARM v7 gcc linker
arm-none-eabi-gcc -mcpu=cortex-a9 -mfpu=vfpv3 -mfloat-abi=hard -Wl,-build-id=none -specs=Xilinx.spec -Wl,-T -Wl,../src/lscript.ld -L../../hw_bsp/ps7_cortexa9_0/lib -o "sw_design.elf"  ./src/platform/interface.o ./src/platform/platform.o  ./src/asm_conditional_sub.o ./src/asm_func.o ./src/asm_mont_add.o ./src/asm_montgomery.o ./src/hw_accelerator.o ./src/main.o ./src/montgomery.o ./src/mp_arith.o ./src/tests.o ./src/testvector.o   -Wl,--start-group,-lxil,-lgcc,-lc,--end-group
Finished building target: sw_design.elf
 
Invoking: ARM v7 Print Size
arm-none-eabi-size sw_design.elf  |tee "sw_design.elf.size"
   text	   data	    bss	    dec	    hex	filename
  32956	   1928	  22580	  57464	   e078	sw_design.elf
Finished building: sw_design.elf.size
 
make[1]: Leaving directory `/users/start2017/r0634161/Git/Project-DDP/actual_project/sw_project/project_sw/sw_design/Debug'
23:14:13 **** Incremental Build of configuration Debug for project sw_design ****
make pre-build main-build 
make[1]: Entering directory `/users/start2017/r0634161/Git/Project-DDP/actual_project/sw_project/project_sw/sw_design/Debug'
a9-linaro-pre-build-step
 
Building file: ../src/tests.c
Invoking: ARM v7 gcc compiler
arm-none-eabi-gcc -Wall -O0 -g3 -c -fmessage-length=0 -MT"src/tests.o" -mcpu=cortex-a9 -mfpu=vfpv3 -mfloat-abi=hard -I../../hw_bsp/ps7_cortexa9_0/include -MMD -MP -MF"src/tests.d" -MT"src/tests.o" -o "src/tests.o" "../src/tests.c"
../src/tests.c: In function 'test_reference':
../src/tests.c:57:1: warning: control reaches end of non-void function [-Wreturn-type]
 }
 ^
Finished building: ../src/tests.c
 
Building target: sw_design.elf
Invoking: ARM v7 gcc linker
arm-none-eabi-gcc -mcpu=cortex-a9 -mfpu=vfpv3 -mfloat-abi=hard -Wl,-build-id=none -specs=Xilinx.spec -Wl,-T -Wl,../src/lscript.ld -L../../hw_bsp/ps7_cortexa9_0/lib -o "sw_design.elf"  ./src/platform/interface.o ./src/platform/platform.o  ./src/asm_conditional_sub.o ./src/asm_func.o ./src/asm_mont_add.o ./src/asm_montgomery.o ./src/hw_accelerator.o ./src/main.o ./src/montgomery.o ./src/mp_arith.o ./src/tests.o ./src/testvector.o   -Wl,--start-group,-lxil,-lgcc,-lc,--end-group
./src/tests.o: In function `print_arr':
/users/start2017/r0634161/Git/Project-DDP/actual_project/sw_project/project_sw/sw_design/Debug/../src/tests.c:24: multiple definition of `print_arr'
make[1]: Leaving directory `/users/start2017/r0634161/Git/Project-DDP/actual_project/sw_project/project_sw/sw_design/Debug'
./src/main.o:/users/start2017/r0634161/Git/Project-DDP/actual_project/sw_project/project_sw/sw_design/Debug/../src/main.c:17: first defined here
collect2: error: ld returned 1 exit status
make[1]: *** [sw_design.elf] Error 1
23:14:35 **** Incremental Build of configuration Debug for project sw_design ****
make pre-build main-build 
make[1]: Entering directory `/users/start2017/r0634161/Git/Project-DDP/actual_project/sw_project/project_sw/sw_design/Debug'
a9-linaro-pre-build-step
 
Building file: ../src/main.c
Invoking: ARM v7 gcc compiler
arm-none-eabi-gcc -Wall -O0 -g3 -c -fmessage-length=0 -MT"src/main.o" -mcpu=cortex-a9 -mfpu=vfpv3 -mfloat-abi=hard -I../../hw_bsp/ps7_cortexa9_0/include -MMD -MP -MF"src/main.d" -MT"src/main.o" -o "src/main.o" "../src/main.c"
../src/main.c: In function 'main':
../src/main.c:37:14: warning: unused variable 'res' [-Wunused-variable]
     uint32_t res[33];
              ^
../src/main.c:36:14: warning: unused variable 'n_prime' [-Wunused-variable]
     uint32_t n_prime[32] = {0xe7d41349, 0x0c828dcd, 0x2dc06d90, 0x318f87bf, 0x1992ba09, 0x4b1bef10, 0x011ba664, 0xe3a7d9cf, 0x44449fbd, 0x89714d34, 0x6cd49cc4, 0x49c5b99d, 0xf90435b1, 0x38f037b7, 0xba9720db, 0x9641b106, 0xbca01d2a, 0xfdb82893, 0xbd7ce9c7, 0x372823e1, 0x4901cdde, 0xaa28d457, 0xe9f78c94, 0xb6e1e5b3, 0x5a79f7a6, 0xf5212a83, 0x2b1aab45, 0xa3924b69, 0x3c63a8af, 0x12fa121d, 0x7500bea0, 0xe58878e7};
              ^
../src/main.c:35:14: warning: unused variable 'N' [-Wunused-variable]
     uint32_t N[32] = {0x4aeeb107, 0x5d78aa98, 0x6c55dd05, 0x6f5326c9, 0xf93f738c, 0xc10fa093, 0x20478120, 0x099d6d70, 0x833d9b82, 0x1248f3ed, 0xa43ed737, 0xc1c1da45, 0x9f23e5c7, 0xb17c3598, 0xe8938df6, 0x7ae59036, 0x9f84d87b, 0xc8710dc6, 0x249ee0f8, 0x46eeae2f, 0x66a3bb9b, 0xfeef4c6b, 0xc7b55eae, 0x7951dd0c, 0x0b4391e8, 0x141ad586, 0x1a568588, 0x908293dd, 0x472c0bea, 0x8d00abfe, 0xed17377f, 0x83a01efe};
              ^
../src/main.c:34:14: warning: unused variable 'b' [-Wunused-variable]
     uint32_t b[32] = {0xfeb1b9f4, 0xe91d3bec, 0xfb09354d, 0x07f21d6d, 0x9ece9e1b, 0x18def18b, 0x4119e1e9, 0x55c85f24, 0x60ef0e23, 0x10e8ab54, 0x1e95cdcc, 0x4373912f, 0x6f42204d, 0x7126650d, 0xb61c1c8d, 0x98af9011, 0xa42c03b4, 0xd29e0870, 0x7923cb60, 0xdf87cfe5, 0xde4fffa0, 0x3ce537ca, 0x201040c6, 0x6e54b058, 0x814c53dc, 0xf16243f0, 0x57decf64, 0x8d0d4f37, 0x9b6d93e5, 0x45396d71, 0x615213c4, 0x65f89f9f};
              ^
../src/main.c:33:14: warning: unused variable 'a' [-Wunused-variable]
     uint32_t a[32] = {0xf484e847, 0x4ae251f1, 0xedfa617d, 0x58ab6bf4, 0x46bf4848, 0xf67c1061, 0x8811c17a, 0x578fde16, 0x493ee595, 0x1eafc4c3, 0xc4f11a2e, 0x8cb6fba7, 0x724c03a4, 0x2e6c1dbd, 0x57ebc43d, 0x3e6ee260, 0x4089c050, 0xf0384e03, 0x7357f72c, 0x87acb658, 0x7ea2490e, 0x61069112, 0x42e3f8b9, 0x9e778cef, 0x5cdf77c7, 0x10bce41c, 0x1121beec, 0x3db59a36, 0xc34620c5, 0xc6b030ae, 0xe8fc5934, 0x63a0a0cb};
              ^
Finished building: ../src/main.c
 
Building target: sw_design.elf
Invoking: ARM v7 gcc linker
arm-none-eabi-gcc -mcpu=cortex-a9 -mfpu=vfpv3 -mfloat-abi=hard -Wl,-build-id=none -specs=Xilinx.spec -Wl,-T -Wl,../src/lscript.ld -L../../hw_bsp/ps7_cortexa9_0/lib -o "sw_design.elf"  ./src/platform/interface.o ./src/platform/platform.o  ./src/asm_conditional_sub.o ./src/asm_func.o ./src/asm_mont_add.o ./src/asm_montgomery.o ./src/hw_accelerator.o ./src/main.o ./src/montgomery.o ./src/mp_arith.o ./src/tests.o ./src/testvector.o   -Wl,--start-group,-lxil,-lgcc,-lc,--end-group
Finished building target: sw_design.elf
 
Invoking: ARM v7 Print Size
arm-none-eabi-size sw_design.elf  |tee "sw_design.elf.size"
   text	   data	    bss	    dec	    hex	filename
  32956	   1928	  22580	  57464	   e078	sw_design.elf
Finished building: sw_design.elf.size
 
make[1]: Leaving directory `/users/start2017/r0634161/Git/Project-DDP/actual_project/sw_project/project_sw/sw_design/Debug'
23:14:47 **** Incremental Build of configuration Debug for project sw_design ****
make pre-build main-build 
make[1]: Entering directory `/users/start2017/r0634161/Git/Project-DDP/actual_project/sw_project/project_sw/sw_design/Debug'
a9-linaro-pre-build-step
 
make[1]: Nothing to be done for `main-build'.
make[1]: Leaving directory `/users/start2017/r0634161/Git/Project-DDP/actual_project/sw_project/project_sw/sw_design/Debug'
23:15:41 **** Incremental Build of configuration Debug for project sw_design ****
make pre-build main-build 
make[1]: Entering directory `/users/start2017/r0634161/Git/Project-DDP/actual_project/sw_project/project_sw/sw_design/Debug'
a9-linaro-pre-build-step
 
Building file: ../src/tests.c
Invoking: ARM v7 gcc compiler
arm-none-eabi-gcc -Wall -O0 -g3 -c -fmessage-length=0 -MT"src/tests.o" -mcpu=cortex-a9 -mfpu=vfpv3 -mfloat-abi=hard -I../../hw_bsp/ps7_cortexa9_0/include -MMD -MP -MF"src/tests.d" -MT"src/tests.o" -o "src/tests.o" "../src/tests.c"
../src/tests.c: In function 'test_reference':
../src/tests.c:57:1: warning: control reaches end of non-void function [-Wreturn-type]
 }
 ^
Finished building: ../src/tests.c
 
Building target: sw_design.elf
Invoking: ARM v7 gcc linker
arm-none-eabi-gcc -mcpu=cortex-a9 -mfpu=vfpv3 -mfloat-abi=hard -Wl,-build-id=none -specs=Xilinx.spec -Wl,-T -Wl,../src/lscript.ld -L../../hw_bsp/ps7_cortexa9_0/lib -o "sw_design.elf"  ./src/platform/interface.o ./src/platform/platform.o  ./src/asm_conditional_sub.o ./src/asm_func.o ./src/asm_mont_add.o ./src/asm_montgomery.o ./src/hw_accelerator.o ./src/main.o ./src/montgomery.o ./src/mp_arith.o ./src/tests.o ./src/testvector.o   -Wl,--start-group,-lxil,-lgcc,-lc,--end-group
Finished building target: sw_design.elf
 
Invoking: ARM v7 Print Size
arm-none-eabi-size sw_design.elf  |tee "sw_design.elf.size"
   text	   data	    bss	    dec	    hex	filename
  32956	   1928	  22580	  57464	   e078	sw_design.elf
Finished building: sw_design.elf.size
 
make[1]: Leaving directory `/users/start2017/r0634161/Git/Project-DDP/actual_project/sw_project/project_sw/sw_design/Debug'
23:15:56 **** Incremental Build of configuration Debug for project sw_design ****
make pre-build main-build 
make[1]: Entering directory `/users/start2017/r0634161/Git/Project-DDP/actual_project/sw_project/project_sw/sw_design/Debug'
a9-linaro-pre-build-step
 
Building file: ../src/tests.c
Invoking: ARM v7 gcc compiler
arm-none-eabi-gcc -Wall -O0 -g3 -c -fmessage-length=0 -MT"src/tests.o" -mcpu=cortex-a9 -mfpu=vfpv3 -mfloat-abi=hard -I../../hw_bsp/ps7_cortexa9_0/include -MMD -MP -MF"src/tests.d" -MT"src/tests.o" -o "src/tests.o" "../src/tests.c"
../src/tests.c: In function 'test_reference':
../src/tests.c:57:1: warning: control reaches end of non-void function [-Wreturn-type]
 }
 ^
Finished building: ../src/tests.c
 
Building target: sw_design.elf
Invoking: ARM v7 gcc linker
arm-none-eabi-gcc -mcpu=cortex-a9 -mfpu=vfpv3 -mfloat-abi=hard -Wl,-build-id=none -specs=Xilinx.spec -Wl,-T -Wl,../src/lscript.ld -L../../hw_bsp/ps7_cortexa9_0/lib -o "sw_design.elf"  ./src/platform/interface.o ./src/platform/platform.o  ./src/asm_conditional_sub.o ./src/asm_func.o ./src/asm_mont_add.o ./src/asm_montgomery.o ./src/hw_accelerator.o ./src/main.o ./src/montgomery.o ./src/mp_arith.o ./src/tests.o ./src/testvector.o   -Wl,--start-group,-lxil,-lgcc,-lc,--end-group
Finished building target: sw_design.elf
 
Invoking: ARM v7 Print Size
arm-none-eabi-size sw_design.elf  |tee "sw_design.elf.size"
   text	   data	    bss	    dec	    hex	filename
  32956	   1928	  22580	  57464	   e078	sw_design.elf
Finished building: sw_design.elf.size
 
make[1]: Leaving directory `/users/start2017/r0634161/Git/Project-DDP/actual_project/sw_project/project_sw/sw_design/Debug'
23:16:37 **** Incremental Build of configuration Debug for project sw_design ****
make pre-build main-build 
make[1]: Entering directory `/users/start2017/r0634161/Git/Project-DDP/actual_project/sw_project/project_sw/sw_design/Debug'
a9-linaro-pre-build-step
 
Building file: ../src/tests.c
Invoking: ARM v7 gcc compiler
arm-none-eabi-gcc -Wall -O0 -g3 -c -fmessage-length=0 -MT"src/tests.o" -mcpu=cortex-a9 -mfpu=vfpv3 -mfloat-abi=hard -I../../hw_bsp/ps7_cortexa9_0/include -MMD -MP -MF"src/tests.d" -MT"src/tests.o" -o "src/tests.o" "../src/tests.c"
../src/tests.c: In function 'test_reference':
../src/tests.c:57:1: warning: control reaches end of non-void function [-Wreturn-type]
 }
 ^
Finished building: ../src/tests.c
 
Building target: sw_design.elf
Invoking: ARM v7 gcc linker
arm-none-eabi-gcc -mcpu=cortex-a9 -mfpu=vfpv3 -mfloat-abi=hard -Wl,-build-id=none -specs=Xilinx.spec -Wl,-T -Wl,../src/lscript.ld -L../../hw_bsp/ps7_cortexa9_0/lib -o "sw_design.elf"  ./src/platform/interface.o ./src/platform/platform.o  ./src/asm_conditional_sub.o ./src/asm_func.o ./src/asm_mont_add.o ./src/asm_montgomery.o ./src/hw_accelerator.o ./src/main.o ./src/montgomery.o ./src/mp_arith.o ./src/tests.o ./src/testvector.o   -Wl,--start-group,-lxil,-lgcc,-lc,--end-group
Finished building target: sw_design.elf
 
Invoking: ARM v7 Print Size
arm-none-eabi-size sw_design.elf  |tee "sw_design.elf.size"
   text	   data	    bss	    dec	    hex	filename
  32956	   1928	  22580	  57464	   e078	sw_design.elf
Finished building: sw_design.elf.size
 
make[1]: Leaving directory `/users/start2017/r0634161/Git/Project-DDP/actual_project/sw_project/project_sw/sw_design/Debug'
23:16:42 **** Incremental Build of configuration Debug for project sw_design ****
make pre-build main-build 
make[1]: Entering directory `/users/start2017/r0634161/Git/Project-DDP/actual_project/sw_project/project_sw/sw_design/Debug'
a9-linaro-pre-build-step
 
make[1]: Nothing to be done for `main-build'.
make[1]: Leaving directory `/users/start2017/r0634161/Git/Project-DDP/actual_project/sw_project/project_sw/sw_design/Debug'
23:16:59 **** Incremental Build of configuration Debug for project sw_design ****
make pre-build main-build 
make[1]: Entering directory `/users/start2017/r0634161/Git/Project-DDP/actual_project/sw_project/project_sw/sw_design/Debug'
a9-linaro-pre-build-step
 
Building file: ../src/tests.c
Invoking: ARM v7 gcc compiler
arm-none-eabi-gcc -Wall -O0 -g3 -c -fmessage-length=0 -MT"src/tests.o" -mcpu=cortex-a9 -mfpu=vfpv3 -mfloat-abi=hard -I../../hw_bsp/ps7_cortexa9_0/include -MMD -MP -MF"src/tests.d" -MT"src/tests.o" -o "src/tests.o" "../src/tests.c"
../src/tests.c: In function 'test_reference':
../src/tests.c:57:1: warning: control reaches end of non-void function [-Wreturn-type]
 }
 ^
Finished building: ../src/tests.c
 
Building target: sw_design.elf
Invoking: ARM v7 gcc linker
arm-none-eabi-gcc -mcpu=cortex-a9 -mfpu=vfpv3 -mfloat-abi=hard -Wl,-build-id=none -specs=Xilinx.spec -Wl,-T -Wl,../src/lscript.ld -L../../hw_bsp/ps7_cortexa9_0/lib -o "sw_design.elf"  ./src/platform/interface.o ./src/platform/platform.o  ./src/asm_conditional_sub.o ./src/asm_func.o ./src/asm_mont_add.o ./src/asm_montgomery.o ./src/hw_accelerator.o ./src/main.o ./src/montgomery.o ./src/mp_arith.o ./src/tests.o ./src/testvector.o   -Wl,--start-group,-lxil,-lgcc,-lc,--end-group
Finished building target: sw_design.elf
 
Invoking: ARM v7 Print Size
arm-none-eabi-size sw_design.elf  |tee "sw_design.elf.size"
   text	   data	    bss	    dec	    hex	filename
  32956	   1928	  22580	  57464	   e078	sw_design.elf
Finished building: sw_design.elf.size
 
make[1]: Leaving directory `/users/start2017/r0634161/Git/Project-DDP/actual_project/sw_project/project_sw/sw_design/Debug'
23:18:23 **** Incremental Build of configuration Debug for project sw_design ****
make pre-build main-build 
make[1]: Entering directory `/users/start2017/r0634161/Git/Project-DDP/actual_project/sw_project/project_sw/sw_design/Debug'
a9-linaro-pre-build-step
 
Building file: ../src/tests.c
Invoking: ARM v7 gcc compiler
arm-none-eabi-gcc -Wall -O0 -g3 -c -fmessage-length=0 -MT"src/tests.o" -mcpu=cortex-a9 -mfpu=vfpv3 -mfloat-abi=hard -I../../hw_bsp/ps7_cortexa9_0/include -MMD -MP -MF"src/tests.d" -MT"src/tests.o" -o "src/tests.o" "../src/tests.c"
../src/tests.c: In function 'test_reference':
../src/tests.c:47:2: error: too few arguments to function 'print_arr'
  print_arr(expected);
  ^
../src/tests.c:24:6: note: declared here
 void print_arr(uint32_t* arr, uint32_t size) {
      ^
../src/tests.c:58:1: warning: control reaches end of non-void function [-Wreturn-type]
 }
 ^
make[1]: *** [src/tests.o] Error 1
make[1]: Leaving directory `/users/start2017/r0634161/Git/Project-DDP/actual_project/sw_project/project_sw/sw_design/Debug'
23:18:33 **** Incremental Build of configuration Debug for project sw_design ****
make pre-build main-build 
make[1]: Entering directory `/users/start2017/r0634161/Git/Project-DDP/actual_project/sw_project/project_sw/sw_design/Debug'
a9-linaro-pre-build-step
 
Building file: ../src/tests.c
Invoking: ARM v7 gcc compiler
arm-none-eabi-gcc -Wall -O0 -g3 -c -fmessage-length=0 -MT"src/tests.o" -mcpu=cortex-a9 -mfpu=vfpv3 -mfloat-abi=hard -I../../hw_bsp/ps7_cortexa9_0/include -MMD -MP -MF"src/tests.d" -MT"src/tests.o" -o "src/tests.o" "../src/tests.c"
../src/tests.c: In function 'test_reference':
../src/tests.c:58:1: warning: control reaches end of non-void function [-Wreturn-type]
 }
 ^
Finished building: ../src/tests.c
 
Building target: sw_design.elf
Invoking: ARM v7 gcc linker
arm-none-eabi-gcc -mcpu=cortex-a9 -mfpu=vfpv3 -mfloat-abi=hard -Wl,-build-id=none -specs=Xilinx.spec -Wl,-T -Wl,../src/lscript.ld -L../../hw_bsp/ps7_cortexa9_0/lib -o "sw_design.elf"  ./src/platform/interface.o ./src/platform/platform.o  ./src/asm_conditional_sub.o ./src/asm_func.o ./src/asm_mont_add.o ./src/asm_montgomery.o ./src/hw_accelerator.o ./src/main.o ./src/montgomery.o ./src/mp_arith.o ./src/tests.o ./src/testvector.o   -Wl,--start-group,-lxil,-lgcc,-lc,--end-group
Finished building target: sw_design.elf
 
Invoking: ARM v7 Print Size
arm-none-eabi-size sw_design.elf  |tee "sw_design.elf.size"
   text	   data	    bss	    dec	    hex	filename
  33020	   1928	  22580	  57528	   e0b8	sw_design.elf
Finished building: sw_design.elf.size
 
make[1]: Leaving directory `/users/start2017/r0634161/Git/Project-DDP/actual_project/sw_project/project_sw/sw_design/Debug'
23:19:54 **** Incremental Build of configuration Debug for project sw_design ****
make pre-build main-build 
make[1]: Entering directory `/users/start2017/r0634161/Git/Project-DDP/actual_project/sw_project/project_sw/sw_design/Debug'
a9-linaro-pre-build-step
 
Building file: ../src/tests.c
Invoking: ARM v7 gcc compiler
arm-none-eabi-gcc -Wall -O0 -g3 -c -fmessage-length=0 -MT"src/tests.o" -mcpu=cortex-a9 -mfpu=vfpv3 -mfloat-abi=hard -I../../hw_bsp/ps7_cortexa9_0/include -MMD -MP -MF"src/tests.d" -MT"src/tests.o" -o "src/tests.o" "../src/tests.c"
Finished building: ../src/tests.c
 
Building target: sw_design.elf
Invoking: ARM v7 gcc linker
arm-none-eabi-gcc -mcpu=cortex-a9 -mfpu=vfpv3 -mfloat-abi=hard -Wl,-build-id=none -specs=Xilinx.spec -Wl,-T -Wl,../src/lscript.ld -L../../hw_bsp/ps7_cortexa9_0/lib -o "sw_design.elf"  ./src/platform/interface.o ./src/platform/platform.o  ./src/asm_conditional_sub.o ./src/asm_func.o ./src/asm_mont_add.o ./src/asm_montgomery.o ./src/hw_accelerator.o ./src/main.o ./src/montgomery.o ./src/mp_arith.o ./src/tests.o ./src/testvector.o   -Wl,--start-group,-lxil,-lgcc,-lc,--end-group
Finished building target: sw_design.elf
 
Invoking: ARM v7 Print Size
arm-none-eabi-size sw_design.elf  |tee "sw_design.elf.size"
   text	   data	    bss	    dec	    hex	filename
  33020	   1928	  22580	  57528	   e0b8	sw_design.elf
Finished building: sw_design.elf.size
 
make[1]: Leaving directory `/users/start2017/r0634161/Git/Project-DDP/actual_project/sw_project/project_sw/sw_design/Debug'
23:20:13 **** Incremental Build of configuration Debug for project sw_design ****
make pre-build main-build 
make[1]: Entering directory `/users/start2017/r0634161/Git/Project-DDP/actual_project/sw_project/project_sw/sw_design/Debug'
a9-linaro-pre-build-step
 
Building file: ../src/tests.c
Invoking: ARM v7 gcc compiler
arm-none-eabi-gcc -Wall -O0 -g3 -c -fmessage-length=0 -MT"src/tests.o" -mcpu=cortex-a9 -mfpu=vfpv3 -mfloat-abi=hard -I../../hw_bsp/ps7_cortexa9_0/include -MMD -MP -MF"src/tests.d" -MT"src/tests.o" -o "src/tests.o" "../src/tests.c"
Finished building: ../src/tests.c
 
Building target: sw_design.elf
Invoking: ARM v7 gcc linker
arm-none-eabi-gcc -mcpu=cortex-a9 -mfpu=vfpv3 -mfloat-abi=hard -Wl,-build-id=none -specs=Xilinx.spec -Wl,-T -Wl,../src/lscript.ld -L../../hw_bsp/ps7_cortexa9_0/lib -o "sw_design.elf"  ./src/platform/interface.o ./src/platform/platform.o  ./src/asm_conditional_sub.o ./src/asm_func.o ./src/asm_mont_add.o ./src/asm_montgomery.o ./src/hw_accelerator.o ./src/main.o ./src/montgomery.o ./src/mp_arith.o ./src/tests.o ./src/testvector.o   -Wl,--start-group,-lxil,-lgcc,-lc,--end-group
Finished building target: sw_design.elf
 
Invoking: ARM v7 Print Size
arm-none-eabi-size sw_design.elf  |tee "sw_design.elf.size"
   text	   data	    bss	    dec	    hex	filename
  33020	   1928	  22580	  57528	   e0b8	sw_design.elf
Finished building: sw_design.elf.size
 
make[1]: Leaving directory `/users/start2017/r0634161/Git/Project-DDP/actual_project/sw_project/project_sw/sw_design/Debug'
23:20:15 **** Incremental Build of configuration Debug for project sw_design ****
make pre-build main-build 
make[1]: Entering directory `/users/start2017/r0634161/Git/Project-DDP/actual_project/sw_project/project_sw/sw_design/Debug'
a9-linaro-pre-build-step
 
make[1]: Nothing to be done for `main-build'.
make[1]: Leaving directory `/users/start2017/r0634161/Git/Project-DDP/actual_project/sw_project/project_sw/sw_design/Debug'
23:20:38 **** Incremental Build of configuration Debug for project sw_design ****
make pre-build main-build 
make[1]: Entering directory `/users/start2017/r0634161/Git/Project-DDP/actual_project/sw_project/project_sw/sw_design/Debug'
a9-linaro-pre-build-step
 
Building file: ../src/tests.c
Invoking: ARM v7 gcc compiler
arm-none-eabi-gcc -Wall -O0 -g3 -c -fmessage-length=0 -MT"src/tests.o" -mcpu=cortex-a9 -mfpu=vfpv3 -mfloat-abi=hard -I../../hw_bsp/ps7_cortexa9_0/include -MMD -MP -MF"src/tests.d" -MT"src/tests.o" -o "src/tests.o" "../src/tests.c"
Finished building: ../src/tests.c
 
Building target: sw_design.elf
Invoking: ARM v7 gcc linker
arm-none-eabi-gcc -mcpu=cortex-a9 -mfpu=vfpv3 -mfloat-abi=hard -Wl,-build-id=none -specs=Xilinx.spec -Wl,-T -Wl,../src/lscript.ld -L../../hw_bsp/ps7_cortexa9_0/lib -o "sw_design.elf"  ./src/platform/interface.o ./src/platform/platform.o  ./src/asm_conditional_sub.o ./src/asm_func.o ./src/asm_mont_add.o ./src/asm_montgomery.o ./src/hw_accelerator.o ./src/main.o ./src/montgomery.o ./src/mp_arith.o ./src/tests.o ./src/testvector.o   -Wl,--start-group,-lxil,-lgcc,-lc,--end-group
Finished building target: sw_design.elf
 
Invoking: ARM v7 Print Size
arm-none-eabi-size sw_design.elf  |tee "sw_design.elf.size"
   text	   data	    bss	    dec	    hex	filename
  33020	   1928	  22580	  57528	   e0b8	sw_design.elf
Finished building: sw_design.elf.size
 
make[1]: Leaving directory `/users/start2017/r0634161/Git/Project-DDP/actual_project/sw_project/project_sw/sw_design/Debug'
23:21:25 **** Incremental Build of configuration Debug for project sw_design ****
make pre-build main-build 
make[1]: Entering directory `/users/start2017/r0634161/Git/Project-DDP/actual_project/sw_project/project_sw/sw_design/Debug'
a9-linaro-pre-build-step
 
Building file: ../src/tests.c
Invoking: ARM v7 gcc compiler
arm-none-eabi-gcc -Wall -O0 -g3 -c -fmessage-length=0 -MT"src/tests.o" -mcpu=cortex-a9 -mfpu=vfpv3 -mfloat-abi=hard -I../../hw_bsp/ps7_cortexa9_0/include -MMD -MP -MF"src/tests.d" -MT"src/tests.o" -o "src/tests.o" "../src/tests.c"
../src/tests.c: In function 'compare':
../src/tests.c:38:14: error: 'expected' undeclared (first use in this function)
    print_arr(expected, 8);
              ^
../src/tests.c:38:14: note: each undeclared identifier is reported only once for each function it appears in
../src/tests.c:40:14: error: 'result' undeclared (first use in this function)
    print_arr(result, 8);
              ^
make[1]: *** [src/tests.o] Error 1
make[1]: Leaving directory `/users/start2017/r0634161/Git/Project-DDP/actual_project/sw_project/project_sw/sw_design/Debug'
23:22:00 **** Incremental Build of configuration Debug for project sw_design ****
make pre-build main-build 
make[1]: Entering directory `/users/start2017/r0634161/Git/Project-DDP/actual_project/sw_project/project_sw/sw_design/Debug'
a9-linaro-pre-build-step
 
Building file: ../src/tests.c
Invoking: ARM v7 gcc compiler
arm-none-eabi-gcc -Wall -O0 -g3 -c -fmessage-length=0 -MT"src/tests.o" -mcpu=cortex-a9 -mfpu=vfpv3 -mfloat-abi=hard -I../../hw_bsp/ps7_cortexa9_0/include -MMD -MP -MF"src/tests.d" -MT"src/tests.o" -o "src/tests.o" "../src/tests.c"
Finished building: ../src/tests.c
 
Building target: sw_design.elf
Invoking: ARM v7 gcc linker
arm-none-eabi-gcc -mcpu=cortex-a9 -mfpu=vfpv3 -mfloat-abi=hard -Wl,-build-id=none -specs=Xilinx.spec -Wl,-T -Wl,../src/lscript.ld -L../../hw_bsp/ps7_cortexa9_0/lib -o "sw_design.elf"  ./src/platform/interface.o ./src/platform/platform.o  ./src/asm_conditional_sub.o ./src/asm_func.o ./src/asm_mont_add.o ./src/asm_montgomery.o ./src/hw_accelerator.o ./src/main.o ./src/montgomery.o ./src/mp_arith.o ./src/tests.o ./src/testvector.o   -Wl,--start-group,-lxil,-lgcc,-lc,--end-group
Finished building target: sw_design.elf
 
Invoking: ARM v7 Print Size
arm-none-eabi-size sw_design.elf  |tee "sw_design.elf.size"
   text	   data	    bss	    dec	    hex	filename
  33020	   1928	  22580	  57528	   e0b8	sw_design.elf
Finished building: sw_design.elf.size
 
make[1]: Leaving directory `/users/start2017/r0634161/Git/Project-DDP/actual_project/sw_project/project_sw/sw_design/Debug'
23:22:03 **** Incremental Build of configuration Debug for project sw_design ****
make pre-build main-build 
make[1]: Entering directory `/users/start2017/r0634161/Git/Project-DDP/actual_project/sw_project/project_sw/sw_design/Debug'
a9-linaro-pre-build-step
 
make[1]: Nothing to be done for `main-build'.
make[1]: Leaving directory `/users/start2017/r0634161/Git/Project-DDP/actual_project/sw_project/project_sw/sw_design/Debug'
23:22:25 **** Incremental Build of configuration Debug for project sw_design ****
make pre-build main-build 
make[1]: Entering directory `/users/start2017/r0634161/Git/Project-DDP/actual_project/sw_project/project_sw/sw_design/Debug'
a9-linaro-pre-build-step
 
Building file: ../src/tests.c
Invoking: ARM v7 gcc compiler
arm-none-eabi-gcc -Wall -O0 -g3 -c -fmessage-length=0 -MT"src/tests.o" -mcpu=cortex-a9 -mfpu=vfpv3 -mfloat-abi=hard -I../../hw_bsp/ps7_cortexa9_0/include -MMD -MP -MF"src/tests.d" -MT"src/tests.o" -o "src/tests.o" "../src/tests.c"
Finished building: ../src/tests.c
 
Building target: sw_design.elf
Invoking: ARM v7 gcc linker
arm-none-eabi-gcc -mcpu=cortex-a9 -mfpu=vfpv3 -mfloat-abi=hard -Wl,-build-id=none -specs=Xilinx.spec -Wl,-T -Wl,../src/lscript.ld -L../../hw_bsp/ps7_cortexa9_0/lib -o "sw_design.elf"  ./src/platform/interface.o ./src/platform/platform.o  ./src/asm_conditional_sub.o ./src/asm_func.o ./src/asm_mont_add.o ./src/asm_montgomery.o ./src/hw_accelerator.o ./src/main.o ./src/montgomery.o ./src/mp_arith.o ./src/tests.o ./src/testvector.o   -Wl,--start-group,-lxil,-lgcc,-lc,--end-group
Finished building target: sw_design.elf
 
Invoking: ARM v7 Print Size
arm-none-eabi-size sw_design.elf  |tee "sw_design.elf.size"
   text	   data	    bss	    dec	    hex	filename
  33016	   1928	  22580	  57524	   e0b4	sw_design.elf
Finished building: sw_design.elf.size
 
make[1]: Leaving directory `/users/start2017/r0634161/Git/Project-DDP/actual_project/sw_project/project_sw/sw_design/Debug'
23:22:56 **** Incremental Build of configuration Debug for project sw_design ****
make pre-build main-build 
make[1]: Entering directory `/users/start2017/r0634161/Git/Project-DDP/actual_project/sw_project/project_sw/sw_design/Debug'
a9-linaro-pre-build-step
 
Building file: ../src/tests.c
Invoking: ARM v7 gcc compiler
arm-none-eabi-gcc -Wall -O0 -g3 -c -fmessage-length=0 -MT"src/tests.o" -mcpu=cortex-a9 -mfpu=vfpv3 -mfloat-abi=hard -I../../hw_bsp/ps7_cortexa9_0/include -MMD -MP -MF"src/tests.d" -MT"src/tests.o" -o "src/tests.o" "../src/tests.c"
Finished building: ../src/tests.c
 
Building target: sw_design.elf
Invoking: ARM v7 gcc linker
arm-none-eabi-gcc -mcpu=cortex-a9 -mfpu=vfpv3 -mfloat-abi=hard -Wl,-build-id=none -specs=Xilinx.spec -Wl,-T -Wl,../src/lscript.ld -L../../hw_bsp/ps7_cortexa9_0/lib -o "sw_design.elf"  ./src/platform/interface.o ./src/platform/platform.o  ./src/asm_conditional_sub.o ./src/asm_func.o ./src/asm_mont_add.o ./src/asm_montgomery.o ./src/hw_accelerator.o ./src/main.o ./src/montgomery.o ./src/mp_arith.o ./src/tests.o ./src/testvector.o   -Wl,--start-group,-lxil,-lgcc,-lc,--end-group
Finished building target: sw_design.elf
 
Invoking: ARM v7 Print Size
arm-none-eabi-size sw_design.elf  |tee "sw_design.elf.size"
   text	   data	    bss	    dec	    hex	filename
  33016	   1928	  22580	  57524	   e0b4	sw_design.elf
Finished building: sw_design.elf.size
 
make[1]: Leaving directory `/users/start2017/r0634161/Git/Project-DDP/actual_project/sw_project/project_sw/sw_design/Debug'
23:23:12 **** Incremental Build of configuration Debug for project sw_design ****
make pre-build main-build 
make[1]: Entering directory `/users/start2017/r0634161/Git/Project-DDP/actual_project/sw_project/project_sw/sw_design/Debug'
a9-linaro-pre-build-step
 
Building file: ../src/tests.c
Invoking: ARM v7 gcc compiler
arm-none-eabi-gcc -Wall -O0 -g3 -c -fmessage-length=0 -MT"src/tests.o" -mcpu=cortex-a9 -mfpu=vfpv3 -mfloat-abi=hard -I../../hw_bsp/ps7_cortexa9_0/include -MMD -MP -MF"src/tests.d" -MT"src/tests.o" -o "src/tests.o" "../src/tests.c"
Finished building: ../src/tests.c
 
Building target: sw_design.elf
Invoking: ARM v7 gcc linker
arm-none-eabi-gcc -mcpu=cortex-a9 -mfpu=vfpv3 -mfloat-abi=hard -Wl,-build-id=none -specs=Xilinx.spec -Wl,-T -Wl,../src/lscript.ld -L../../hw_bsp/ps7_cortexa9_0/lib -o "sw_design.elf"  ./src/platform/interface.o ./src/platform/platform.o  ./src/asm_conditional_sub.o ./src/asm_func.o ./src/asm_mont_add.o ./src/asm_montgomery.o ./src/hw_accelerator.o ./src/main.o ./src/montgomery.o ./src/mp_arith.o ./src/tests.o ./src/testvector.o   -Wl,--start-group,-lxil,-lgcc,-lc,--end-group
Finished building target: sw_design.elf
 
Invoking: ARM v7 Print Size
arm-none-eabi-size sw_design.elf  |tee "sw_design.elf.size"
   text	   data	    bss	    dec	    hex	filename
  33016	   1928	  22580	  57524	   e0b4	sw_design.elf
Finished building: sw_design.elf.size
 
make[1]: Leaving directory `/users/start2017/r0634161/Git/Project-DDP/actual_project/sw_project/project_sw/sw_design/Debug'
23:23:35 **** Incremental Build of configuration Debug for project sw_design ****
make pre-build main-build 
make[1]: Entering directory `/users/start2017/r0634161/Git/Project-DDP/actual_project/sw_project/project_sw/sw_design/Debug'
a9-linaro-pre-build-step
 
Building file: ../src/tests.c
Invoking: ARM v7 gcc compiler
arm-none-eabi-gcc -Wall -O0 -g3 -c -fmessage-length=0 -MT"src/tests.o" -mcpu=cortex-a9 -mfpu=vfpv3 -mfloat-abi=hard -I../../hw_bsp/ps7_cortexa9_0/include -MMD -MP -MF"src/tests.d" -MT"src/tests.o" -o "src/tests.o" "../src/tests.c"
Finished building: ../src/tests.c
 
Building target: sw_design.elf
Invoking: ARM v7 gcc linker
arm-none-eabi-gcc -mcpu=cortex-a9 -mfpu=vfpv3 -mfloat-abi=hard -Wl,-build-id=none -specs=Xilinx.spec -Wl,-T -Wl,../src/lscript.ld -L../../hw_bsp/ps7_cortexa9_0/lib -o "sw_design.elf"  ./src/platform/interface.o ./src/platform/platform.o  ./src/asm_conditional_sub.o ./src/asm_func.o ./src/asm_mont_add.o ./src/asm_montgomery.o ./src/hw_accelerator.o ./src/main.o ./src/montgomery.o ./src/mp_arith.o ./src/tests.o ./src/testvector.o   -Wl,--start-group,-lxil,-lgcc,-lc,--end-group
Finished building target: sw_design.elf
 
Invoking: ARM v7 Print Size
arm-none-eabi-size sw_design.elf  |tee "sw_design.elf.size"
   text	   data	    bss	    dec	    hex	filename
  32952	   1928	  22580	  57460	   e074	sw_design.elf
Finished building: sw_design.elf.size
 
make[1]: Leaving directory `/users/start2017/r0634161/Git/Project-DDP/actual_project/sw_project/project_sw/sw_design/Debug'
23:32:14 **** Incremental Build of configuration Debug for project sw_design ****
make pre-build main-build 
make[1]: Entering directory `/users/start2017/r0634161/Git/Project-DDP/actual_project/sw_project/project_sw/sw_design/Debug'
a9-linaro-pre-build-step
 
Building file: ../src/tests.c
Invoking: ARM v7 gcc compiler
arm-none-eabi-gcc -Wall -O0 -g3 -c -fmessage-length=0 -MT"src/tests.o" -mcpu=cortex-a9 -mfpu=vfpv3 -mfloat-abi=hard -I../../hw_bsp/ps7_cortexa9_0/include -MMD -MP -MF"src/tests.d" -MT"src/tests.o" -o "src/tests.o" "../src/tests.c"
Finished building: ../src/tests.c
 
Building target: sw_design.elf
Invoking: ARM v7 gcc linker
arm-none-eabi-gcc -mcpu=cortex-a9 -mfpu=vfpv3 -mfloat-abi=hard -Wl,-build-id=none -specs=Xilinx.spec -Wl,-T -Wl,../src/lscript.ld -L../../hw_bsp/ps7_cortexa9_0/lib -o "sw_design.elf"  ./src/platform/interface.o ./src/platform/platform.o  ./src/asm_conditional_sub.o ./src/asm_func.o ./src/asm_mont_add.o ./src/asm_montgomery.o ./src/hw_accelerator.o ./src/main.o ./src/montgomery.o ./src/mp_arith.o ./src/tests.o ./src/testvector.o   -Wl,--start-group,-lxil,-lgcc,-lc,--end-group
Finished building target: sw_design.elf
 
Invoking: ARM v7 Print Size
arm-none-eabi-size sw_design.elf  |tee "sw_design.elf.size"
   text	   data	    bss	    dec	    hex	filename
  32952	   1928	  22580	  57460	   e074	sw_design.elf
Finished building: sw_design.elf.size
 
make[1]: Leaving directory `/users/start2017/r0634161/Git/Project-DDP/actual_project/sw_project/project_sw/sw_design/Debug'
23:35:34 **** Incremental Build of configuration Debug for project sw_design ****
make pre-build main-build 
make[1]: Entering directory `/users/start2017/r0634161/Git/Project-DDP/actual_project/sw_project/project_sw/sw_design/Debug'
a9-linaro-pre-build-step
 
Building file: ../src/tests.c
Invoking: ARM v7 gcc compiler
arm-none-eabi-gcc -Wall -O0 -g3 -c -fmessage-length=0 -MT"src/tests.o" -mcpu=cortex-a9 -mfpu=vfpv3 -mfloat-abi=hard -I../../hw_bsp/ps7_cortexa9_0/include -MMD -MP -MF"src/tests.d" -MT"src/tests.o" -o "src/tests.o" "../src/tests.c"
Finished building: ../src/tests.c
 
Building target: sw_design.elf
Invoking: ARM v7 gcc linker
arm-none-eabi-gcc -mcpu=cortex-a9 -mfpu=vfpv3 -mfloat-abi=hard -Wl,-build-id=none -specs=Xilinx.spec -Wl,-T -Wl,../src/lscript.ld -L../../hw_bsp/ps7_cortexa9_0/lib -o "sw_design.elf"  ./src/platform/interface.o ./src/platform/platform.o  ./src/asm_conditional_sub.o ./src/asm_func.o ./src/asm_mont_add.o ./src/asm_montgomery.o ./src/hw_accelerator.o ./src/main.o ./src/montgomery.o ./src/mp_arith.o ./src/tests.o ./src/testvector.o   -Wl,--start-group,-lxil,-lgcc,-lc,--end-group
Finished building target: sw_design.elf
 
Invoking: ARM v7 Print Size
arm-none-eabi-size sw_design.elf  |tee "sw_design.elf.size"
   text	   data	    bss	    dec	    hex	filename
  33016	   1928	  22580	  57524	   e0b4	sw_design.elf
Finished building: sw_design.elf.size
 
make[1]: Leaving directory `/users/start2017/r0634161/Git/Project-DDP/actual_project/sw_project/project_sw/sw_design/Debug'
23:37:02 **** Incremental Build of configuration Debug for project sw_design ****
make pre-build main-build 
make[1]: Entering directory `/users/start2017/r0634161/Git/Project-DDP/actual_project/sw_project/project_sw/sw_design/Debug'
a9-linaro-pre-build-step
 
[...]
arm-none-eabi-gcc -mcpu=cortex-a9 -mfpu=vfpv3 -mfloat-abi=hard -Wl,-build-id=none -specs=Xilinx.spec -Wl,-T -Wl,../src/lscript.ld -L../../hw_bsp/ps7_cortexa9_0/lib -o "sw_design.elf"  ./src/platform/interface.o ./src/platform/platform.o  ./src/asm_conditional_sub.o ./src/asm_func.o ./src/asm_mont_add.o ./src/asm_montgomery.o ./src/hw_accelerator.o ./src/main.o ./src/montgomery.o ./src/mp_arith.o ./src/tests.o ./src/testvector.o   -Wl,--start-group,-lxil,-lgcc,-lc,--end-group
Finished building target: sw_design.elf
 
Invoking: ARM v7 Print Size
arm-none-eabi-size sw_design.elf  |tee "sw_design.elf.size"
   text	   data	    bss	    dec	    hex	filename
  36880	   1928	  22580	  61388	   efcc	sw_design.elf
Finished building: sw_design.elf.size
 
make[1]: Leaving directory `/users/start2017/r0634161/Git/Project-DDP/actual_project/sw_project/project_sw/sw_design/Debug'
16:07:42 **** Incremental Build of configuration Debug for project sw_design ****
make pre-build main-build 
make[1]: Entering directory `/users/start2017/r0634161/Git/Project-DDP/actual_project/sw_project/project_sw/sw_design/Debug'
a9-linaro-pre-build-step
 
Building file: ../src/montgomery.c
Invoking: ARM v7 gcc compiler
arm-none-eabi-gcc -Wall -O0 -g3 -c -fmessage-length=0 -MT"src/montgomery.o" -mcpu=cortex-a9 -mfpu=vfpv3 -mfloat-abi=hard -I../../hw_bsp/ps7_cortexa9_0/include -MMD -MP -MF"src/montgomery.d" -MT"src/montgomery.o" -o "src/montgomery.o" "../src/montgomery.c"
Finished building: ../src/montgomery.c
 
Building target: sw_design.elf
Invoking: ARM v7 gcc linker
arm-none-eabi-gcc -mcpu=cortex-a9 -mfpu=vfpv3 -mfloat-abi=hard -Wl,-build-id=none -specs=Xilinx.spec -Wl,-T -Wl,../src/lscript.ld -L../../hw_bsp/ps7_cortexa9_0/lib -o "sw_design.elf"  ./src/platform/interface.o ./src/platform/platform.o  ./src/asm_conditional_sub.o ./src/asm_func.o ./src/asm_mont_add.o ./src/asm_montgomery.o ./src/hw_accelerator.o ./src/main.o ./src/montgomery.o ./src/mp_arith.o ./src/tests.o ./src/testvector.o   -Wl,--start-group,-lxil,-lgcc,-lc,--end-group
Finished building target: sw_design.elf
 
Invoking: ARM v7 Print Size
arm-none-eabi-size sw_design.elf  |tee "sw_design.elf.size"
   text	   data	    bss	    dec	    hex	filename
  36880	   1928	  22580	  61388	   efcc	sw_design.elf
Finished building: sw_design.elf.size
 
make[1]: Leaving directory `/users/start2017/r0634161/Git/Project-DDP/actual_project/sw_project/project_sw/sw_design/Debug'
16:07:45 **** Incremental Build of configuration Debug for project sw_design ****
make pre-build main-build 
make[1]: Entering directory `/users/start2017/r0634161/Git/Project-DDP/actual_project/sw_project/project_sw/sw_design/Debug'
a9-linaro-pre-build-step
 
make[1]: Nothing to be done for `main-build'.
make[1]: Leaving directory `/users/start2017/r0634161/Git/Project-DDP/actual_project/sw_project/project_sw/sw_design/Debug'
16:08:25 **** Incremental Build of configuration Debug for project sw_design ****
make pre-build main-build 
make[1]: Entering directory `/users/start2017/r0634161/Git/Project-DDP/actual_project/sw_project/project_sw/sw_design/Debug'
a9-linaro-pre-build-step
 
Building file: ../src/montgomery.c
Invoking: ARM v7 gcc compiler
arm-none-eabi-gcc -Wall -O0 -g3 -c -fmessage-length=0 -MT"src/montgomery.o" -mcpu=cortex-a9 -mfpu=vfpv3 -mfloat-abi=hard -I../../hw_bsp/ps7_cortexa9_0/include -MMD -MP -MF"src/montgomery.d" -MT"src/montgomery.o" -o "src/montgomery.o" "../src/montgomery.c"
Finished building: ../src/montgomery.c
 
Building target: sw_design.elf
Invoking: ARM v7 gcc linker
arm-none-eabi-gcc -mcpu=cortex-a9 -mfpu=vfpv3 -mfloat-abi=hard -Wl,-build-id=none -specs=Xilinx.spec -Wl,-T -Wl,../src/lscript.ld -L../../hw_bsp/ps7_cortexa9_0/lib -o "sw_design.elf"  ./src/platform/interface.o ./src/platform/platform.o  ./src/asm_conditional_sub.o ./src/asm_func.o ./src/asm_mont_add.o ./src/asm_montgomery.o ./src/hw_accelerator.o ./src/main.o ./src/montgomery.o ./src/mp_arith.o ./src/tests.o ./src/testvector.o   -Wl,--start-group,-lxil,-lgcc,-lc,--end-group
Finished building target: sw_design.elf
 
Invoking: ARM v7 Print Size
arm-none-eabi-size sw_design.elf  |tee "sw_design.elf.size"
   text	   data	    bss	    dec	    hex	filename
  36880	   1928	  22580	  61388	   efcc	sw_design.elf
Finished building: sw_design.elf.size
 
make[1]: Leaving directory `/users/start2017/r0634161/Git/Project-DDP/actual_project/sw_project/project_sw/sw_design/Debug'
16:08:28 **** Incremental Build of configuration Debug for project sw_design ****
make pre-build main-build 
make[1]: Entering directory `/users/start2017/r0634161/Git/Project-DDP/actual_project/sw_project/project_sw/sw_design/Debug'
a9-linaro-pre-build-step
 
make[1]: Nothing to be done for `main-build'.
make[1]: Leaving directory `/users/start2017/r0634161/Git/Project-DDP/actual_project/sw_project/project_sw/sw_design/Debug'
16:08:34 **** Incremental Build of configuration Debug for project sw_design ****
make pre-build main-build 
make[1]: Entering directory `/users/start2017/r0634161/Git/Project-DDP/actual_project/sw_project/project_sw/sw_design/Debug'
a9-linaro-pre-build-step
 
make[1]: Nothing to be done for `main-build'.
make[1]: Leaving directory `/users/start2017/r0634161/Git/Project-DDP/actual_project/sw_project/project_sw/sw_design/Debug'
16:09:11 **** Incremental Build of configuration Debug for project sw_design ****
make pre-build main-build 
make[1]: Entering directory `/users/start2017/r0634161/Git/Project-DDP/actual_project/sw_project/project_sw/sw_design/Debug'
a9-linaro-pre-build-step
 
Building file: ../src/montgomery.c
Invoking: ARM v7 gcc compiler
arm-none-eabi-gcc -Wall -O0 -g3 -c -fmessage-length=0 -MT"src/montgomery.o" -mcpu=cortex-a9 -mfpu=vfpv3 -mfloat-abi=hard -I../../hw_bsp/ps7_cortexa9_0/include -MMD -MP -MF"src/montgomery.d" -MT"src/montgomery.o" -o "src/montgomery.o" "../src/montgomery.c"
Finished building: ../src/montgomery.c
 
Building target: sw_design.elf
Invoking: ARM v7 gcc linker
arm-none-eabi-gcc -mcpu=cortex-a9 -mfpu=vfpv3 -mfloat-abi=hard -Wl,-build-id=none -specs=Xilinx.spec -Wl,-T -Wl,../src/lscript.ld -L../../hw_bsp/ps7_cortexa9_0/lib -o "sw_design.elf"  ./src/platform/interface.o ./src/platform/platform.o  ./src/asm_conditional_sub.o ./src/asm_func.o ./src/asm_mont_add.o ./src/asm_montgomery.o ./src/hw_accelerator.o ./src/main.o ./src/montgomery.o ./src/mp_arith.o ./src/tests.o ./src/testvector.o   -Wl,--start-group,-lxil,-lgcc,-lc,--end-group
Finished building target: sw_design.elf
 
Invoking: ARM v7 Print Size
arm-none-eabi-size sw_design.elf  |tee "sw_design.elf.size"
   text	   data	    bss	    dec	    hex	filename
  36496	   1928	  22580	  61004	   ee4c	sw_design.elf
Finished building: sw_design.elf.size
 
make[1]: Leaving directory `/users/start2017/r0634161/Git/Project-DDP/actual_project/sw_project/project_sw/sw_design/Debug'
16:09:14 **** Incremental Build of configuration Debug for project sw_design ****
make pre-build main-build 
make[1]: Entering directory `/users/start2017/r0634161/Git/Project-DDP/actual_project/sw_project/project_sw/sw_design/Debug'
a9-linaro-pre-build-step
 
make[1]: Nothing to be done for `main-build'.
make[1]: Leaving directory `/users/start2017/r0634161/Git/Project-DDP/actual_project/sw_project/project_sw/sw_design/Debug'
16:11:30 **** Incremental Build of configuration Debug for project sw_design ****
make pre-build main-build 
make[1]: Entering directory `/users/start2017/r0634161/Git/Project-DDP/actual_project/sw_project/project_sw/sw_design/Debug'
a9-linaro-pre-build-step
 
Building file: ../src/asm_montgomery.S
Invoking: ARM v7 gcc compiler
arm-none-eabi-gcc -Wall -O0 -g3 -c -fmessage-length=0 -MT"src/asm_montgomery.o" -mcpu=cortex-a9 -mfpu=vfpv3 -mfloat-abi=hard -I../../hw_bsp/ps7_cortexa9_0/include -MMD -MP -MF"src/asm_montgomery.d" -MT"src/asm_montgomery.o" -o "src/asm_montgomery.o" "../src/asm_montgomery.S"
Finished building: ../src/asm_montgomery.S
 
Building file: ../src/montgomery.c
Invoking: ARM v7 gcc compiler
arm-none-eabi-gcc -Wall -O0 -g3 -c -fmessage-length=0 -MT"src/montgomery.o" -mcpu=cortex-a9 -mfpu=vfpv3 -mfloat-abi=hard -I../../hw_bsp/ps7_cortexa9_0/include -MMD -MP -MF"src/montgomery.d" -MT"src/montgomery.o" -o "src/montgomery.o" "../src/montgomery.c"
../src/montgomery.c: In function 'mont':
../src/montgomery.c:12:11: warning: unused variable 'j' [-Wunused-variable]
  uint32_t j;
           ^
../src/montgomery.c:11:11: warning: unused variable 'i' [-Wunused-variable]
  uint32_t i;
           ^
Finished building: ../src/montgomery.c
 
Building target: sw_design.elf
Invoking: ARM v7 gcc linker
arm-none-eabi-gcc -mcpu=cortex-a9 -mfpu=vfpv3 -mfloat-abi=hard -Wl,-build-id=none -specs=Xilinx.spec -Wl,-T -Wl,../src/lscript.ld -L../../hw_bsp/ps7_cortexa9_0/lib -o "sw_design.elf"  ./src/platform/interface.o ./src/platform/platform.o  ./src/asm_conditional_sub.o ./src/asm_func.o ./src/asm_mont_add.o ./src/asm_montgomery.o ./src/hw_accelerator.o ./src/main.o ./src/montgomery.o ./src/mp_arith.o ./src/tests.o ./src/testvector.o   -Wl,--start-group,-lxil,-lgcc,-lc,--end-group
Finished building target: sw_design.elf
 
Invoking: ARM v7 Print Size
arm-none-eabi-size sw_design.elf  |tee "sw_design.elf.size"
   text	   data	    bss	    dec	    hex	filename
  36112	   1928	  22580	  60620	   eccc	sw_design.elf
Finished building: sw_design.elf.size
 
make[1]: Leaving directory `/users/start2017/r0634161/Git/Project-DDP/actual_project/sw_project/project_sw/sw_design/Debug'
16:11:58 **** Incremental Build of configuration Debug for project sw_design ****
make pre-build main-build 
make[1]: Entering directory `/users/start2017/r0634161/Git/Project-DDP/actual_project/sw_project/project_sw/sw_design/Debug'
a9-linaro-pre-build-step
 
make[1]: Nothing to be done for `main-build'.
make[1]: Leaving directory `/users/start2017/r0634161/Git/Project-DDP/actual_project/sw_project/project_sw/sw_design/Debug'
16:13:28 **** Incremental Build of configuration Debug for project sw_design ****
make pre-build main-build 
make[1]: Entering directory `/users/start2017/r0634161/Git/Project-DDP/actual_project/sw_project/project_sw/sw_design/Debug'
a9-linaro-pre-build-step
 
Building file: ../src/asm_montgomery.S
Invoking: ARM v7 gcc compiler
arm-none-eabi-gcc -Wall -O0 -g3 -c -fmessage-length=0 -MT"src/asm_montgomery.o" -mcpu=cortex-a9 -mfpu=vfpv3 -mfloat-abi=hard -I../../hw_bsp/ps7_cortexa9_0/include -MMD -MP -MF"src/asm_montgomery.d" -MT"src/asm_montgomery.o" -o "src/asm_montgomery.o" "../src/asm_montgomery.S"
Finished building: ../src/asm_montgomery.S
 
Building target: sw_design.elf
Invoking: ARM v7 gcc linker
arm-none-eabi-gcc -mcpu=cortex-a9 -mfpu=vfpv3 -mfloat-abi=hard -Wl,-build-id=none -specs=Xilinx.spec -Wl,-T -Wl,../src/lscript.ld -L../../hw_bsp/ps7_cortexa9_0/lib -o "sw_design.elf"  ./src/platform/interface.o ./src/platform/platform.o  ./src/asm_conditional_sub.o ./src/asm_func.o ./src/asm_mont_add.o ./src/asm_montgomery.o ./src/hw_accelerator.o ./src/main.o ./src/montgomery.o ./src/mp_arith.o ./src/tests.o ./src/testvector.o   -Wl,--start-group,-lxil,-lgcc,-lc,--end-group
Finished building target: sw_design.elf
 
Invoking: ARM v7 Print Size
arm-none-eabi-size sw_design.elf  |tee "sw_design.elf.size"
   text	   data	    bss	    dec	    hex	filename
  36112	   1928	  22580	  60620	   eccc	sw_design.elf
Finished building: sw_design.elf.size
 
make[1]: Leaving directory `/users/start2017/r0634161/Git/Project-DDP/actual_project/sw_project/project_sw/sw_design/Debug'
16:13:31 **** Incremental Build of configuration Debug for project sw_design ****
make pre-build main-build 
make[1]: Entering directory `/users/start2017/r0634161/Git/Project-DDP/actual_project/sw_project/project_sw/sw_design/Debug'
a9-linaro-pre-build-step
 
make[1]: Nothing to be done for `main-build'.
make[1]: Leaving directory `/users/start2017/r0634161/Git/Project-DDP/actual_project/sw_project/project_sw/sw_design/Debug'
16:16:34 **** Incremental Build of configuration Debug for project sw_design ****
make pre-build main-build 
make[1]: Entering directory `/users/start2017/r0634161/Git/Project-DDP/actual_project/sw_project/project_sw/sw_design/Debug'
a9-linaro-pre-build-step
 
Building file: ../src/asm_montgomery.S
Invoking: ARM v7 gcc compiler
arm-none-eabi-gcc -Wall -O0 -g3 -c -fmessage-length=0 -MT"src/asm_montgomery.o" -mcpu=cortex-a9 -mfpu=vfpv3 -mfloat-abi=hard -I../../hw_bsp/ps7_cortexa9_0/include -MMD -MP -MF"src/asm_montgomery.d" -MT"src/asm_montgomery.o" -o "src/asm_montgomery.o" "../src/asm_montgomery.S"
Finished building: ../src/asm_montgomery.S
 
Building target: sw_design.elf
Invoking: ARM v7 gcc linker
arm-none-eabi-gcc -mcpu=cortex-a9 -mfpu=vfpv3 -mfloat-abi=hard -Wl,-build-id=none -specs=Xilinx.spec -Wl,-T -Wl,../src/lscript.ld -L../../hw_bsp/ps7_cortexa9_0/lib -o "sw_design.elf"  ./src/platform/interface.o ./src/platform/platform.o  ./src/asm_conditional_sub.o ./src/asm_func.o ./src/asm_mont_add.o ./src/asm_montgomery.o ./src/hw_accelerator.o ./src/main.o ./src/montgomery.o ./src/mp_arith.o ./src/tests.o ./src/testvector.o   -Wl,--start-group,-lxil,-lgcc,-lc,--end-group
Finished building target: sw_design.elf
 
Invoking: ARM v7 Print Size
arm-none-eabi-size sw_design.elf  |tee "sw_design.elf.size"
   text	   data	    bss	    dec	    hex	filename
  36112	   1928	  22580	  60620	   eccc	sw_design.elf
Finished building: sw_design.elf.size
 
make[1]: Leaving directory `/users/start2017/r0634161/Git/Project-DDP/actual_project/sw_project/project_sw/sw_design/Debug'
16:16:46 **** Incremental Build of configuration Debug for project sw_design ****
make pre-build main-build 
make[1]: Entering directory `/users/start2017/r0634161/Git/Project-DDP/actual_project/sw_project/project_sw/sw_design/Debug'
a9-linaro-pre-build-step
 
make[1]: Nothing to be done for `main-build'.
make[1]: Leaving directory `/users/start2017/r0634161/Git/Project-DDP/actual_project/sw_project/project_sw/sw_design/Debug'
16:17:57 **** Incremental Build of configuration Debug for project sw_design ****
make pre-build main-build 
make[1]: Entering directory `/users/start2017/r0634161/Git/Project-DDP/actual_project/sw_project/project_sw/sw_design/Debug'
a9-linaro-pre-build-step
 
make[1]: Nothing to be done for `main-build'.
make[1]: Leaving directory `/users/start2017/r0634161/Git/Project-DDP/actual_project/sw_project/project_sw/sw_design/Debug'
16:20:19 **** Incremental Build of configuration Debug for project sw_design ****
make pre-build main-build 
make[1]: Entering directory `/users/start2017/r0634161/Git/Project-DDP/actual_project/sw_project/project_sw/sw_design/Debug'
a9-linaro-pre-build-step
 
Building file: ../src/asm_montgomery.S
Invoking: ARM v7 gcc compiler
arm-none-eabi-gcc -Wall -O0 -g3 -c -fmessage-length=0 -MT"src/asm_montgomery.o" -mcpu=cortex-a9 -mfpu=vfpv3 -mfloat-abi=hard -I../../hw_bsp/ps7_cortexa9_0/include -MMD -MP -MF"src/asm_montgomery.d" -MT"src/asm_montgomery.o" -o "src/asm_montgomery.o" "../src/asm_montgomery.S"
Finished building: ../src/asm_montgomery.S
 
Building target: sw_design.elf
Invoking: ARM v7 gcc linker
arm-none-eabi-gcc -mcpu=cortex-a9 -mfpu=vfpv3 -mfloat-abi=hard -Wl,-build-id=none -specs=Xilinx.spec -Wl,-T -Wl,../src/lscript.ld -L../../hw_bsp/ps7_cortexa9_0/lib -o "sw_design.elf"  ./src/platform/interface.o ./src/platform/platform.o  ./src/asm_conditional_sub.o ./src/asm_func.o ./src/asm_mont_add.o ./src/asm_montgomery.o ./src/hw_accelerator.o ./src/main.o ./src/montgomery.o ./src/mp_arith.o ./src/tests.o ./src/testvector.o   -Wl,--start-group,-lxil,-lgcc,-lc,--end-group
Finished building target: sw_design.elf
 
Invoking: ARM v7 Print Size
arm-none-eabi-size sw_design.elf  |tee "sw_design.elf.size"
   text	   data	    bss	    dec	    hex	filename
  36112	   1928	  22580	  60620	   eccc	sw_design.elf
Finished building: sw_design.elf.size
 
make[1]: Leaving directory `/users/start2017/r0634161/Git/Project-DDP/actual_project/sw_project/project_sw/sw_design/Debug'
16:25:20 **** Incremental Build of configuration Debug for project sw_design ****
make pre-build main-build 
make[1]: Entering directory `/users/start2017/r0634161/Git/Project-DDP/actual_project/sw_project/project_sw/sw_design/Debug'
a9-linaro-pre-build-step
 
Building file: ../src/asm_montgomery.S
Invoking: ARM v7 gcc compiler
arm-none-eabi-gcc -Wall -O0 -g3 -c -fmessage-length=0 -MT"src/asm_montgomery.o" -mcpu=cortex-a9 -mfpu=vfpv3 -mfloat-abi=hard -I../../hw_bsp/ps7_cortexa9_0/include -MMD -MP -MF"src/asm_montgomery.d" -MT"src/asm_montgomery.o" -o "src/asm_montgomery.o" "../src/asm_montgomery.S"
Finished building: ../src/asm_montgomery.S
 
Building target: sw_design.elf
Invoking: ARM v7 gcc linker
arm-none-eabi-gcc -mcpu=cortex-a9 -mfpu=vfpv3 -mfloat-abi=hard -Wl,-build-id=none -specs=Xilinx.spec -Wl,-T -Wl,../src/lscript.ld -L../../hw_bsp/ps7_cortexa9_0/lib -o "sw_design.elf"  ./src/platform/interface.o ./src/platform/platform.o  ./src/asm_conditional_sub.o ./src/asm_func.o ./src/asm_mont_add.o ./src/asm_montgomery.o ./src/hw_accelerator.o ./src/main.o ./src/montgomery.o ./src/mp_arith.o ./src/tests.o ./src/testvector.o   -Wl,--start-group,-lxil,-lgcc,-lc,--end-group
Finished building target: sw_design.elf
 
Invoking: ARM v7 Print Size
arm-none-eabi-size sw_design.elf  |tee "sw_design.elf.size"
   text	   data	    bss	    dec	    hex	filename
  36112	   1928	  22580	  60620	   eccc	sw_design.elf
Finished building: sw_design.elf.size
 
make[1]: Leaving directory `/users/start2017/r0634161/Git/Project-DDP/actual_project/sw_project/project_sw/sw_design/Debug'
16:25:33 **** Incremental Build of configuration Debug for project sw_design ****
make pre-build main-build 
make[1]: Entering directory `/users/start2017/r0634161/Git/Project-DDP/actual_project/sw_project/project_sw/sw_design/Debug'
a9-linaro-pre-build-step
 
make[1]: Nothing to be done for `main-build'.
make[1]: Leaving directory `/users/start2017/r0634161/Git/Project-DDP/actual_project/sw_project/project_sw/sw_design/Debug'
16:26:17 **** Incremental Build of configuration Debug for project sw_design ****
make pre-build main-build 
make[1]: Entering directory `/users/start2017/r0634161/Git/Project-DDP/actual_project/sw_project/project_sw/sw_design/Debug'
a9-linaro-pre-build-step
 
Building file: ../src/asm_montgomery.S
Invoking: ARM v7 gcc compiler
arm-none-eabi-gcc -Wall -O0 -g3 -c -fmessage-length=0 -MT"src/asm_montgomery.o" -mcpu=cortex-a9 -mfpu=vfpv3 -mfloat-abi=hard -I../../hw_bsp/ps7_cortexa9_0/include -MMD -MP -MF"src/asm_montgomery.d" -MT"src/asm_montgomery.o" -o "src/asm_montgomery.o" "../src/asm_montgomery.S"
Finished building: ../src/asm_montgomery.S
 
Building target: sw_design.elf
Invoking: ARM v7 gcc linker
arm-none-eabi-gcc -mcpu=cortex-a9 -mfpu=vfpv3 -mfloat-abi=hard -Wl,-build-id=none -specs=Xilinx.spec -Wl,-T -Wl,../src/lscript.ld -L../../hw_bsp/ps7_cortexa9_0/lib -o "sw_design.elf"  ./src/platform/interface.o ./src/platform/platform.o  ./src/asm_conditional_sub.o ./src/asm_func.o ./src/asm_mont_add.o ./src/asm_montgomery.o ./src/hw_accelerator.o ./src/main.o ./src/montgomery.o ./src/mp_arith.o ./src/tests.o ./src/testvector.o   -Wl,--start-group,-lxil,-lgcc,-lc,--end-group
Finished building target: sw_design.elf
 
Invoking: ARM v7 Print Size
arm-none-eabi-size sw_design.elf  |tee "sw_design.elf.size"
   text	   data	    bss	    dec	    hex	filename
  36112	   1928	  22580	  60620	   eccc	sw_design.elf
Finished building: sw_design.elf.size
 
make[1]: Leaving directory `/users/start2017/r0634161/Git/Project-DDP/actual_project/sw_project/project_sw/sw_design/Debug'
16:26:20 **** Incremental Build of configuration Debug for project sw_design ****
make pre-build main-build 
make[1]: Entering directory `/users/start2017/r0634161/Git/Project-DDP/actual_project/sw_project/project_sw/sw_design/Debug'
a9-linaro-pre-build-step
 
make[1]: Nothing to be done for `main-build'.
make[1]: Leaving directory `/users/start2017/r0634161/Git/Project-DDP/actual_project/sw_project/project_sw/sw_design/Debug'
