20:29:40 **** Incremental Build of configuration Debug for project sw_design ****
make pre-build main-build 
make[1]: Entering directory `/users/start2017/r0634161/Git/Project-DDP/actual_project/sw_project/project_sw/sw_design/Debug'
a9-linaro-pre-build-step
 
Building file: ../src/main.c
Invoking: ARM v7 gcc compiler
arm-none-eabi-gcc -Wall -O0 -g3 -c -fmessage-length=0 -MT"src/main.o" -mcpu=cortex-a9 -mfpu=vfpv3 -mfloat-abi=hard -I../../hw_bsp/ps7_cortexa9_0/include -MMD -MP -MF"src/main.d" -MT"src/main.o" -o "src/main.o" "../src/main.c"
../src/main.c: In function ‘main’:
../src/main.c:47:2: warning: implicit declaration of function ‘test’ [-Wimplicit-function-declaration]
  test();
  ^
Finished building: ../src/main.c
 
Building target: sw_design.elf
Invoking: ARM v7 gcc linker
arm-none-eabi-gcc -mcpu=cortex-a9 -mfpu=vfpv3 -mfloat-abi=hard -Wl,-build-id=none -specs=Xilinx.spec -Wl,-T -Wl,../src/lscript.ld -L../../hw_bsp/ps7_cortexa9_0/lib -o "sw_design.elf"  ./src/platform/interface.o ./src/platform/platform.o  ./src/asm_conditional_sub.o ./src/asm_func.o ./src/asm_mont_add.o ./src/asm_montgomery.o ./src/hw_accelerator.o ./src/main.o ./src/montgomery.o ./src/mp_arith.o ./src/tests.o ./src/testvector.o   -Wl,--start-group,-lxil,-lgcc,-lc,--end-group
Finished building target: sw_design.elf
 
Invoking: ARM v7 Print Size
arm-none-eabi-size sw_design.elf  |tee "sw_design.elf.size"
   text	   data	    bss	    dec	    hex	filename
  32676	   1928	  22580	  57184	   df60	sw_design.elf
Finished building: sw_design.elf.size
 
make[1]: Leaving directory `/users/start2017/r0634161/Git/Project-DDP/actual_project/sw_project/project_sw/sw_design/Debug'

20:29:40 Build Finished (took 387ms)

