#-----------------------------------------------------------
# Vivado v2016.2 (64-bit)
# SW Build 1577090 on Thu Jun  2 16:32:35 MDT 2016
# IP Build 1577682 on Fri Jun  3 12:00:54 MDT 2016
# Start of session at: Wed Nov 21 13:32:14 2018
# Process ID: 7561
# Current directory: /users/start2016/r0629332/Project-DDP/actual_project/hw_project
# Command line: vivado project_hw/project_hw.xpr -tempDir /tmp
# Log file: /users/start2016/r0629332/Project-DDP/actual_project/hw_project/vivado.log
# Journal file: /users/start2016/r0629332/Project-DDP/actual_project/hw_project/vivado.jou
#-----------------------------------------------------------
start_gui
open_project project_hw/project_hw.xpr
update_compile_order -fileset sources_1
open_bd_design {/users/start2016/r0629332/Project-DDP/actual_project/hw_project/project_hw/project_hw.srcs/sources_1/bd/rsa_project/rsa_project.bd}
file mkdir /users/start2016/r0629332/Project-DDP/actual_project/hw_project/project_hw/project_hw.srcs/sim_1/new
set_property SOURCE_SET sources_1 [get_filesets sim_1]
close [ open /users/start2016/r0629332/Project-DDP/actual_project/hw_project/project_hw/project_hw.srcs/sim_1/new/tb_exponentiation.v w ]
add_files -fileset sim_1 /users/start2016/r0629332/Project-DDP/actual_project/hw_project/project_hw/project_hw.srcs/sim_1/new/tb_exponentiation.v
update_compile_order -fileset sim_1
# Disabling source management mode.  This is to allow the top design properties to be set without GUI intervention.
set_property source_mgmt_mode None [current_project]
set_property top tb_exponentiation [get_filesets sim_1]
set_property top_lib xil_defaultlib [get_filesets sim_1]
# Re-enabling previously disabled source management mode.
set_property source_mgmt_mode All [current_project]
update_compile_order -fileset sim_1
launch_simulation
launch_simulation
launch_simulation
launch_simulation
source tb_exponentiation.tcl
relaunch_sim
relaunch_sim
close_sim
launch_simulation
launch_simulation
source tb_exponentiation.tcl
relaunch_sim
close_sim
launch_simulation
source tb_exponentiation.tcl
relaunch_sim
relaunch_sim
relaunch_sim
relaunch_sim
set_property -name {xsim.simulate.runtime} -value {100000ns} -objects [get_filesets sim_1]
close_sim
launch_simulation
source tb_exponentiation.tcl
relaunch_sim
relaunch_sim
relaunch_sim
relaunch_sim
relaunch_sim
relaunch_sim
relaunch_sim
relaunch_sim
relaunch_sim
relaunch_sim
relaunch_sim
relaunch_sim
relaunch_sim
relaunch_sim
relaunch_sim
relaunch_sim
relaunch_sim
relaunch_sim
relaunch_sim
relaunch_sim
relaunch_sim
relaunch_sim
relaunch_sim
relaunch_sim
relaunch_sim
relaunch_sim
relaunch_sim
relaunch_sim
relaunch_sim
relaunch_sim
relaunch_sim
relaunch_sim
relaunch_sim
relaunch_sim
relaunch_sim
relaunch_sim
relaunch_sim
relaunch_sim
relaunch_sim
relaunch_sim
relaunch_sim
relaunch_sim
set_property -name {xsim.simulate.runtime} -value {10000000ns} -objects [get_filesets sim_1]
close_sim
launch_simulation
source tb_exponentiation.tcl
relaunch_sim
set_property -name {xsim.simulate.runtime} -value {1000000ns} -objects [get_filesets sim_1]
close_sim
launch_simulation
source tb_exponentiation.tcl
relaunch_sim
relaunch_sim
# Disabling source management mode.  This is to allow the top design properties to be set without GUI intervention.
set_property source_mgmt_mode None [current_project]
set_property top tb_montgomery [get_filesets sim_1]
set_property top_lib xil_defaultlib [get_filesets sim_1]
# Re-enabling previously disabled source management mode.
set_property source_mgmt_mode All [current_project]
update_compile_order -fileset sim_1
launch_simulation
source tb_montgomery.tcl
# Disabling source management mode.  This is to allow the top design properties to be set without GUI intervention.
set_property source_mgmt_mode None [current_project]
set_property top tb_exponentiation [get_filesets sim_1]
set_property top_lib xil_defaultlib [get_filesets sim_1]
# Re-enabling previously disabled source management mode.
set_property source_mgmt_mode All [current_project]
update_compile_order -fileset sim_1
current_sim simulation_6
close_sim
launch_simulation
source tb_exponentiation.tcl
# Disabling source management mode.  This is to allow the top design properties to be set without GUI intervention.
set_property source_mgmt_mode None [current_project]
set_property top tb_montgomery [get_filesets sim_1]
set_property top_lib xil_defaultlib [get_filesets sim_1]
# Re-enabling previously disabled source management mode.
set_property source_mgmt_mode All [current_project]
update_compile_order -fileset sim_1
relaunch_sim
current_sim simulation_7
close_sim
launch_simulation
source tb_montgomery.tcl
relaunch_sim
# Disabling source management mode.  This is to allow the top design properties to be set without GUI intervention.
set_property source_mgmt_mode None [current_project]
set_property top tb_exponentiation [get_filesets sim_1]
set_property top_lib xil_defaultlib [get_filesets sim_1]
# Re-enabling previously disabled source management mode.
set_property source_mgmt_mode All [current_project]
update_compile_order -fileset sim_1
current_sim simulation_8
close_sim
launch_simulation
source tb_exponentiation.tcl
relaunch_sim
relaunch_sim
relaunch_sim
relaunch_sim
relaunch_sim
relaunch_sim
run 1000 us
relaunch_sim
run 1000 us
relaunch_sim
relaunch_sim
run 1000 us
relaunch_sim
run 100 us
set_property -name {xsim.simulate.runtime} -value {1100000ns} -objects [get_filesets sim_1]
close_sim
launch_simulation
source tb_exponentiation.tcl
relaunch_sim
relaunch_sim
close_sim
launch_simulation
source tb_exponentiation.tcl
relaunch_sim
relaunch_sim
relaunch_sim
relaunch_sim
relaunch_sim
relaunch_sim
# Disabling source management mode.  This is to allow the top design properties to be set without GUI intervention.
set_property source_mgmt_mode None [current_project]
set_property top tb_montgomery [get_filesets sim_1]
set_property top_lib xil_defaultlib [get_filesets sim_1]
# Re-enabling previously disabled source management mode.
set_property source_mgmt_mode All [current_project]
update_compile_order -fileset sim_1
current_sim simulation_9
close_sim
launch_simulation
source tb_montgomery.tcl
relaunch_sim
# Disabling source management mode.  This is to allow the top design properties to be set without GUI intervention.
set_property source_mgmt_mode None [current_project]
set_property top tb_exponentiation [get_filesets sim_1]
set_property top_lib xil_defaultlib [get_filesets sim_1]
# Re-enabling previously disabled source management mode.
set_property source_mgmt_mode All [current_project]
update_compile_order -fileset sim_1
current_sim simulation_12
close_sim
launch_simulation
source tb_exponentiation.tcl
relaunch_sim
relaunch_sim
launch_runs impl_1
wait_on_run impl_1
open_run impl_1
report_utilization -name utilization_1
# Disabling source management mode.  This is to allow the top design properties to be set without GUI intervention.
set_property source_mgmt_mode None [current_project]
set_property top exponentiation [current_fileset]
# Re-enabling previously disabled source management mode.
set_property source_mgmt_mode All [current_project]
update_compile_order -fileset sources_1
reset_run synth_1
launch_runs impl_1
wait_on_run impl_1
reset_run synth_1
launch_runs impl_1
wait_on_run impl_1
# Disabling source management mode.  This is to allow the top design properties to be set without GUI intervention.
set_property source_mgmt_mode None [current_project]
set_property top hweval_montgomery [current_fileset]
# Re-enabling previously disabled source management mode.
set_property source_mgmt_mode All [current_project]
update_compile_order -fileset sources_1
close_sim
close_sim
