#-----------------------------------------------------------
# Vivado v2016.2 (64-bit)
# SW Build 1577090 on Thu Jun  2 16:32:35 MDT 2016
# IP Build 1577682 on Fri Jun  3 12:00:54 MDT 2016
# Start of session at: Mon Oct 15 10:54:09 2018
# Process ID: 5902
# Current directory: /users/start2016/r0629332/Project-DDP/actual_project/hw_project
# Command line: vivado project_hw/project_hw.xpr -tempDir /tmp
# Log file: /users/start2016/r0629332/Project-DDP/actual_project/hw_project/vivado.log
# Journal file: /users/start2016/r0629332/Project-DDP/actual_project/hw_project/vivado.jou
#-----------------------------------------------------------
start_gui
open_project project_hw/project_hw.xpr
update_compile_order -fileset sources_1
launch_simulation
source tb_adder.tcl
relaunch_sim
close_sim
launch_simulation
source tb_adder.tcl
close_sim
launch_simulation
source tb_adder.tcl
relaunch_sim
relaunch_sim
close_sim
launch_simulation
source tb_adder.tcl
relaunch_sim
relaunch_sim
close_sim
launch_simulation
source tb_adder.tcl
relaunch_sim
relaunch_sim
close_sim
launch_simulation
update_ip_catalog -rebuild -scan_changes
report_ip_status -name ip_status
launch_simulation
source tb_adder.tcl
relaunch_sim
relaunch_sim
relaunch_sim
relaunch_sim
relaunch_sim
relaunch_sim
launch_runs synth_1
wait_on_run synth_1
launch_runs impl_1
wait_on_run impl_1
open_run impl_1
close_sim
launch_simulation
source tb_adder.tcl
synth_design -rtl -name rtl_1
close_sim
launch_simulation
source tb_adder.tcl
relaunch_sim
close_sim
launch_simulation
source tb_adder.tcl
relaunch_sim
reset_run synth_1
launch_runs synth_1
wait_on_run synth_1
launch_runs impl_1
wait_on_run impl_1
current_design impl_1
refresh_design
report_timing_summary -delay_type min_max -report_unconstrained -check_timing_verbose -max_paths 10 -input_pins -name timing_1
close_design
open_run synth_1 -name synth_1
close_design
open_run impl_1
report_utilization -name utilization_1
report_timing_summary -delay_type min_max -report_unconstrained -check_timing_verbose -max_paths 10 -input_pins -name timing_1
launch_simulation
