14:59:43 **** Incremental Build of configuration Debug for project sw_design ****
make pre-build main-build 
make[1]: Entering directory `/users/start2017/r0634161/Desktop/DDP/Project-DDP/sw_package/sw_project/project_sw/sw_design/Debug'
a9-linaro-pre-build-step
 
Building file: ../src/montgomery.c
Invoking: ARM v7 gcc compiler
arm-none-eabi-gcc -Wall -O0 -g3 -c -fmessage-length=0 -MT"src/montgomery.o" -mcpu=cortex-a9 -mfpu=vfpv3 -mfloat-abi=hard -I../../hw_bsp/ps7_cortexa9_0/include -MMD -MP -MF"src/montgomery.d" -MT"src/montgomery.o" -o "src/montgomery.o" "../src/montgomery.c"
Finished building: ../src/montgomery.c
 
Building target: sw_design.elf
Invoking: ARM v7 gcc linker
arm-none-eabi-gcc -mcpu=cortex-a9 -mfpu=vfpv3 -mfloat-abi=hard -Wl,-build-id=none -specs=Xilinx.spec -Wl,-T -Wl,../src/lscript.ld -L../../hw_bsp/ps7_cortexa9_0/lib -o "sw_design.elf"  ./src/platform/platform.o  ./src/asm_func.o ./src/main.o ./src/montgomery.o ./src/mp_arith.o   -Wl,--start-group,-lxil,-lgcc,-lc,--end-group
Finished building target: sw_design.elf
 
Invoking: ARM v7 Print Size
arm-none-eabi-size sw_design.elf  |tee "sw_design.elf.size"
   text	   data	    bss	    dec	    hex	filename
  30792	   1152	  22580	  54524	   d4fc	sw_design.elf
Finished building: sw_design.elf.size
 
make[1]: Leaving directory `/users/start2017/r0634161/Desktop/DDP/Project-DDP/sw_package/sw_project/project_sw/sw_design/Debug'

14:59:43 Build Finished (took 315ms)

